Archive member included because of file (symbol)

c:/adamgreen-gcc4mbed-3b4f8cb/gcc-arm-none-eabi/bin/../lib/gcc/arm-none-eabi/4.9.3/../../../../arm-none-eabi/lib/armv7e-m/softfp\libg.a(lib_a-exit.o)
                              c:/adamgreen-gcc4mbed-3b4f8cb/gcc-arm-none-eabi/bin/../lib/gcc/arm-none-eabi/4.9.3/../../../../arm-none-eabi/lib/armv7e-m/softfp/crt0.o (exit)
c:/adamgreen-gcc4mbed-3b4f8cb/gcc-arm-none-eabi/bin/../lib/gcc/arm-none-eabi/4.9.3/../../../../arm-none-eabi/lib/armv7e-m/softfp\libg.a(lib_a-impure.o)
                              c:/adamgreen-gcc4mbed-3b4f8cb/gcc-arm-none-eabi/bin/../lib/gcc/arm-none-eabi/4.9.3/../../../../arm-none-eabi/lib/armv7e-m/softfp\libg.a(lib_a-exit.o) (_global_impure_ptr)
c:/adamgreen-gcc4mbed-3b4f8cb/gcc-arm-none-eabi/bin/../lib/gcc/arm-none-eabi/4.9.3/../../../../arm-none-eabi/lib/armv7e-m/softfp\libg.a(lib_a-init.o)
                              c:/adamgreen-gcc4mbed-3b4f8cb/gcc-arm-none-eabi/bin/../lib/gcc/arm-none-eabi/4.9.3/../../../../arm-none-eabi/lib/armv7e-m/softfp/crt0.o (__libc_init_array)
c:/adamgreen-gcc4mbed-3b4f8cb/gcc-arm-none-eabi/bin/../lib/gcc/arm-none-eabi/4.9.3/../../../../arm-none-eabi/lib/armv7e-m/softfp\libg.a(lib_a-memset.o)
                              c:/adamgreen-gcc4mbed-3b4f8cb/gcc-arm-none-eabi/bin/../lib/gcc/arm-none-eabi/4.9.3/../../../../arm-none-eabi/lib/armv7e-m/softfp/crt0.o (memset)
c:/adamgreen-gcc4mbed-3b4f8cb/gcc-arm-none-eabi/bin/../lib/gcc/arm-none-eabi/4.9.3/../../../../arm-none-eabi/lib/armv7e-m/softfp\libg.a(lib_a-__call_atexit.o)
                              c:/adamgreen-gcc4mbed-3b4f8cb/gcc-arm-none-eabi/bin/../lib/gcc/arm-none-eabi/4.9.3/../../../../arm-none-eabi/lib/armv7e-m/softfp\libg.a(lib_a-exit.o) (__call_exitprocs)
c:/adamgreen-gcc4mbed-3b4f8cb/gcc-arm-none-eabi/bin/../lib/gcc/arm-none-eabi/4.9.3/../../../../arm-none-eabi/lib/armv7e-m/softfp\libg.a(lib_a-atexit.o)
                              c:/adamgreen-gcc4mbed-3b4f8cb/gcc-arm-none-eabi/bin/../lib/gcc/arm-none-eabi/4.9.3/../../../../arm-none-eabi/lib/armv7e-m/softfp\libg.a(lib_a-__call_atexit.o) (atexit)
c:/adamgreen-gcc4mbed-3b4f8cb/gcc-arm-none-eabi/bin/../lib/gcc/arm-none-eabi/4.9.3/../../../../arm-none-eabi/lib/armv7e-m/softfp\libg.a(lib_a-fini.o)
                              c:/adamgreen-gcc4mbed-3b4f8cb/gcc-arm-none-eabi/bin/../lib/gcc/arm-none-eabi/4.9.3/../../../../arm-none-eabi/lib/armv7e-m/softfp\libg.a(lib_a-__call_atexit.o) (__libc_fini_array)
c:/adamgreen-gcc4mbed-3b4f8cb/gcc-arm-none-eabi/bin/../lib/gcc/arm-none-eabi/4.9.3/../../../../arm-none-eabi/lib/armv7e-m/softfp\libg.a(lib_a-__atexit.o)
                              c:/adamgreen-gcc4mbed-3b4f8cb/gcc-arm-none-eabi/bin/../lib/gcc/arm-none-eabi/4.9.3/../../../../arm-none-eabi/lib/armv7e-m/softfp\libg.a(lib_a-atexit.o) (__register_exitproc)

Allocating common symbols
Common symbol       size              file

pFlash              0x20              ..\obj\stm32f4xx_hal_flash.o
d                   0x5               ..\obj\nokia_lcd.o

Discarded input sections

 .text          0x00000000        0x0 c:/adamgreen-gcc4mbed-3b4f8cb/gcc-arm-none-eabi/bin/../lib/gcc/arm-none-eabi/4.9.3/armv7e-m/softfp/crti.o
 .data          0x00000000        0x0 c:/adamgreen-gcc4mbed-3b4f8cb/gcc-arm-none-eabi/bin/../lib/gcc/arm-none-eabi/4.9.3/armv7e-m/softfp/crti.o
 .bss           0x00000000        0x0 c:/adamgreen-gcc4mbed-3b4f8cb/gcc-arm-none-eabi/bin/../lib/gcc/arm-none-eabi/4.9.3/armv7e-m/softfp/crti.o
 .data          0x00000000        0x4 c:/adamgreen-gcc4mbed-3b4f8cb/gcc-arm-none-eabi/bin/../lib/gcc/arm-none-eabi/4.9.3/armv7e-m/softfp/crtbegin.o
 .text          0x00000000       0x74 c:/adamgreen-gcc4mbed-3b4f8cb/gcc-arm-none-eabi/bin/../lib/gcc/arm-none-eabi/4.9.3/../../../../arm-none-eabi/lib/armv7e-m/softfp/crt0.o
 .data          0x00000000        0x0 c:/adamgreen-gcc4mbed-3b4f8cb/gcc-arm-none-eabi/bin/../lib/gcc/arm-none-eabi/4.9.3/../../../../arm-none-eabi/lib/armv7e-m/softfp/crt0.o
 .bss           0x00000000        0x0 c:/adamgreen-gcc4mbed-3b4f8cb/gcc-arm-none-eabi/bin/../lib/gcc/arm-none-eabi/4.9.3/../../../../arm-none-eabi/lib/armv7e-m/softfp/crt0.o
 .ARM.extab     0x00000000        0x0 c:/adamgreen-gcc4mbed-3b4f8cb/gcc-arm-none-eabi/bin/../lib/gcc/arm-none-eabi/4.9.3/../../../../arm-none-eabi/lib/armv7e-m/softfp/crt0.o
 .ARM.exidx     0x00000000        0x8 c:/adamgreen-gcc4mbed-3b4f8cb/gcc-arm-none-eabi/bin/../lib/gcc/arm-none-eabi/4.9.3/../../../../arm-none-eabi/lib/armv7e-m/softfp/crt0.o
 .ARM.attributes
                0x00000000       0x20 c:/adamgreen-gcc4mbed-3b4f8cb/gcc-arm-none-eabi/bin/../lib/gcc/arm-none-eabi/4.9.3/../../../../arm-none-eabi/lib/armv7e-m/softfp/crt0.o
 .text          0x00000000        0x0 ..\obj\stm32f4xx_hal_hash_ex.o
 .data          0x00000000        0x0 ..\obj\stm32f4xx_hal_hash_ex.o
 .bss           0x00000000        0x0 ..\obj\stm32f4xx_hal_hash_ex.o
 .debug_info    0x00000000       0x99 ..\obj\stm32f4xx_hal_hash_ex.o
 .debug_abbrev  0x00000000       0x4b ..\obj\stm32f4xx_hal_hash_ex.o
 .debug_aranges
                0x00000000       0x18 ..\obj\stm32f4xx_hal_hash_ex.o
 .debug_line    0x00000000      0x133 ..\obj\stm32f4xx_hal_hash_ex.o
 .debug_str     0x00000000      0x1f1 ..\obj\stm32f4xx_hal_hash_ex.o
 .comment       0x00000000       0x71 ..\obj\stm32f4xx_hal_hash_ex.o
 .ARM.attributes
                0x00000000       0x37 ..\obj\stm32f4xx_hal_hash_ex.o
 .text          0x00000000      0x340 ..\obj\stm32f4xx_hal_flash_ex.o
 .data          0x00000000        0x0 ..\obj\stm32f4xx_hal_flash_ex.o
 .bss           0x00000000        0x0 ..\obj\stm32f4xx_hal_flash_ex.o
 .debug_info    0x00000000      0xa8e ..\obj\stm32f4xx_hal_flash_ex.o
 .debug_abbrev  0x00000000      0x292 ..\obj\stm32f4xx_hal_flash_ex.o
 .debug_loc     0x00000000      0x56f ..\obj\stm32f4xx_hal_flash_ex.o
 .debug_aranges
                0x00000000       0x20 ..\obj\stm32f4xx_hal_flash_ex.o
 .debug_ranges  0x00000000       0x38 ..\obj\stm32f4xx_hal_flash_ex.o
 .debug_line    0x00000000      0x38d ..\obj\stm32f4xx_hal_flash_ex.o
 .debug_str     0x00000000      0x6bd ..\obj\stm32f4xx_hal_flash_ex.o
 .comment       0x00000000       0x71 ..\obj\stm32f4xx_hal_flash_ex.o
 .debug_frame   0x00000000      0x104 ..\obj\stm32f4xx_hal_flash_ex.o
 .ARM.attributes
                0x00000000       0x37 ..\obj\stm32f4xx_hal_flash_ex.o
 .text          0x00000000      0x220 ..\obj\stm32f4xx_hal_pwr_ex.o
 .data          0x00000000        0x0 ..\obj\stm32f4xx_hal_pwr_ex.o
 .bss           0x00000000        0x0 ..\obj\stm32f4xx_hal_pwr_ex.o
 .debug_info    0x00000000      0x7ff ..\obj\stm32f4xx_hal_pwr_ex.o
 .debug_abbrev  0x00000000      0x234 ..\obj\stm32f4xx_hal_pwr_ex.o
 .debug_loc     0x00000000      0x241 ..\obj\stm32f4xx_hal_pwr_ex.o
 .debug_aranges
                0x00000000       0x20 ..\obj\stm32f4xx_hal_pwr_ex.o
 .debug_line    0x00000000      0x2e1 ..\obj\stm32f4xx_hal_pwr_ex.o
 .debug_str     0x00000000      0x4fb ..\obj\stm32f4xx_hal_pwr_ex.o
 .comment       0x00000000       0x71 ..\obj\stm32f4xx_hal_pwr_ex.o
 .debug_frame   0x00000000       0xdc ..\obj\stm32f4xx_hal_pwr_ex.o
 .ARM.attributes
                0x00000000       0x37 ..\obj\stm32f4xx_hal_pwr_ex.o
 .text          0x00000000       0x50 ..\obj\stm32f4xx_hal_pcd_ex.o
 .data          0x00000000        0x0 ..\obj\stm32f4xx_hal_pcd_ex.o
 .bss           0x00000000        0x0 ..\obj\stm32f4xx_hal_pcd_ex.o
 .debug_info    0x00000000      0x551 ..\obj\stm32f4xx_hal_pcd_ex.o
 .debug_abbrev  0x00000000      0x16d ..\obj\stm32f4xx_hal_pcd_ex.o
 .debug_loc     0x00000000       0xb7 ..\obj\stm32f4xx_hal_pcd_ex.o
 .debug_aranges
                0x00000000       0x20 ..\obj\stm32f4xx_hal_pcd_ex.o
 .debug_line    0x00000000      0x227 ..\obj\stm32f4xx_hal_pcd_ex.o
 .debug_str     0x00000000      0x591 ..\obj\stm32f4xx_hal_pcd_ex.o
 .comment       0x00000000       0x71 ..\obj\stm32f4xx_hal_pcd_ex.o
 .debug_frame   0x00000000       0x40 ..\obj\stm32f4xx_hal_pcd_ex.o
 .ARM.attributes
                0x00000000       0x37 ..\obj\stm32f4xx_hal_pcd_ex.o
 .text          0x00000000     0x2364 ..\obj\stm32f4xx_hal_tim.o
 .data          0x00000000        0x0 ..\obj\stm32f4xx_hal_tim.o
 .bss           0x00000000        0x0 ..\obj\stm32f4xx_hal_tim.o
 .debug_info    0x00000000     0x3222 ..\obj\stm32f4xx_hal_tim.o
 .debug_abbrev  0x00000000      0x2b1 ..\obj\stm32f4xx_hal_tim.o
 .debug_loc     0x00000000     0x39b4 ..\obj\stm32f4xx_hal_tim.o
 .debug_aranges
                0x00000000       0x20 ..\obj\stm32f4xx_hal_tim.o
 .debug_line    0x00000000      0xc3e ..\obj\stm32f4xx_hal_tim.o
 .debug_str     0x00000000     0x1413 ..\obj\stm32f4xx_hal_tim.o
 .comment       0x00000000       0x71 ..\obj\stm32f4xx_hal_tim.o
 .debug_frame   0x00000000      0x944 ..\obj\stm32f4xx_hal_tim.o
 .ARM.attributes
                0x00000000       0x37 ..\obj\stm32f4xx_hal_tim.o
 .text          0x00000000        0x0 ..\obj\stm32f4xx_hal_fmpi2c_ex.o
 .data          0x00000000        0x0 ..\obj\stm32f4xx_hal_fmpi2c_ex.o
 .bss           0x00000000        0x0 ..\obj\stm32f4xx_hal_fmpi2c_ex.o
 .debug_info    0x00000000       0x99 ..\obj\stm32f4xx_hal_fmpi2c_ex.o
 .debug_abbrev  0x00000000       0x4b ..\obj\stm32f4xx_hal_fmpi2c_ex.o
 .debug_aranges
                0x00000000       0x18 ..\obj\stm32f4xx_hal_fmpi2c_ex.o
 .debug_line    0x00000000      0x133 ..\obj\stm32f4xx_hal_fmpi2c_ex.o
 .debug_str     0x00000000      0x1f3 ..\obj\stm32f4xx_hal_fmpi2c_ex.o
 .comment       0x00000000       0x71 ..\obj\stm32f4xx_hal_fmpi2c_ex.o
 .ARM.attributes
                0x00000000       0x37 ..\obj\stm32f4xx_hal_fmpi2c_ex.o
 .text          0x00000000        0x0 ..\obj\stm32f4xx_hal_nand.o
 .data          0x00000000        0x0 ..\obj\stm32f4xx_hal_nand.o
 .bss           0x00000000        0x0 ..\obj\stm32f4xx_hal_nand.o
 .debug_info    0x00000000       0x99 ..\obj\stm32f4xx_hal_nand.o
 .debug_abbrev  0x00000000       0x4b ..\obj\stm32f4xx_hal_nand.o
 .debug_aranges
                0x00000000       0x18 ..\obj\stm32f4xx_hal_nand.o
 .debug_line    0x00000000      0x133 ..\obj\stm32f4xx_hal_nand.o
 .debug_str     0x00000000      0x1ee ..\obj\stm32f4xx_hal_nand.o
 .comment       0x00000000       0x71 ..\obj\stm32f4xx_hal_nand.o
 .ARM.attributes
                0x00000000       0x37 ..\obj\stm32f4xx_hal_nand.o
 .text          0x00000000        0x0 ..\obj\stm32f4xx_hal_sdram.o
 .data          0x00000000        0x0 ..\obj\stm32f4xx_hal_sdram.o
 .bss           0x00000000        0x0 ..\obj\stm32f4xx_hal_sdram.o
 .debug_info    0x00000000       0x99 ..\obj\stm32f4xx_hal_sdram.o
 .debug_abbrev  0x00000000       0x4b ..\obj\stm32f4xx_hal_sdram.o
 .debug_aranges
                0x00000000       0x18 ..\obj\stm32f4xx_hal_sdram.o
 .debug_line    0x00000000      0x133 ..\obj\stm32f4xx_hal_sdram.o
 .debug_str     0x00000000      0x1ef ..\obj\stm32f4xx_hal_sdram.o
 .comment       0x00000000       0x71 ..\obj\stm32f4xx_hal_sdram.o
 .ARM.attributes
                0x00000000       0x37 ..\obj\stm32f4xx_hal_sdram.o
 .text          0x00000000        0x0 ..\obj\stm32f4xx_hal_fmpi2c.o
 .data          0x00000000        0x0 ..\obj\stm32f4xx_hal_fmpi2c.o
 .bss           0x00000000        0x0 ..\obj\stm32f4xx_hal_fmpi2c.o
 .debug_info    0x00000000       0x99 ..\obj\stm32f4xx_hal_fmpi2c.o
 .debug_abbrev  0x00000000       0x4b ..\obj\stm32f4xx_hal_fmpi2c.o
 .debug_aranges
                0x00000000       0x18 ..\obj\stm32f4xx_hal_fmpi2c.o
 .debug_line    0x00000000      0x133 ..\obj\stm32f4xx_hal_fmpi2c.o
 .debug_str     0x00000000      0x1f0 ..\obj\stm32f4xx_hal_fmpi2c.o
 .comment       0x00000000       0x71 ..\obj\stm32f4xx_hal_fmpi2c.o
 .ARM.attributes
                0x00000000       0x37 ..\obj\stm32f4xx_hal_fmpi2c.o
 .text          0x00000000      0xf30 ..\obj\stm32f4xx_hal_i2s_ex.o
 .data          0x00000000        0x0 ..\obj\stm32f4xx_hal_i2s_ex.o
 .bss           0x00000000        0x0 ..\obj\stm32f4xx_hal_i2s_ex.o
 .debug_info    0x00000000      0xe47 ..\obj\stm32f4xx_hal_i2s_ex.o
 .debug_abbrev  0x00000000      0x253 ..\obj\stm32f4xx_hal_i2s_ex.o
 .debug_loc     0x00000000     0x12ad ..\obj\stm32f4xx_hal_i2s_ex.o
 .debug_aranges
                0x00000000       0x20 ..\obj\stm32f4xx_hal_i2s_ex.o
 .debug_line    0x00000000      0x69c ..\obj\stm32f4xx_hal_i2s_ex.o
 .debug_str     0x00000000      0x9c4 ..\obj\stm32f4xx_hal_i2s_ex.o
 .comment       0x00000000       0x71 ..\obj\stm32f4xx_hal_i2s_ex.o
 .debug_frame   0x00000000      0x184 ..\obj\stm32f4xx_hal_i2s_ex.o
 .ARM.attributes
                0x00000000       0x37 ..\obj\stm32f4xx_hal_i2s_ex.o
 .text          0x00000000     0x2e70 ..\obj\stm32f4xx_hal_dma.o
 .data          0x00000000        0x0 ..\obj\stm32f4xx_hal_dma.o
 .bss           0x00000000        0x0 ..\obj\stm32f4xx_hal_dma.o
 .debug_info    0x00000000      0x731 ..\obj\stm32f4xx_hal_dma.o
 .debug_abbrev  0x00000000      0x1e8 ..\obj\stm32f4xx_hal_dma.o
 .debug_loc     0x00000000      0xc79 ..\obj\stm32f4xx_hal_dma.o
 .debug_aranges
                0x00000000       0x20 ..\obj\stm32f4xx_hal_dma.o
 .debug_line    0x00000000     0x1633 ..\obj\stm32f4xx_hal_dma.o
 .debug_str     0x00000000      0x621 ..\obj\stm32f4xx_hal_dma.o
 .comment       0x00000000       0x71 ..\obj\stm32f4xx_hal_dma.o
 .debug_frame   0x00000000      0x108 ..\obj\stm32f4xx_hal_dma.o
 .ARM.attributes
                0x00000000       0x37 ..\obj\stm32f4xx_hal_dma.o
 .text          0x00000000      0x210 ..\obj\stm32f4xx_hal_pwr.o
 .data          0x00000000        0x0 ..\obj\stm32f4xx_hal_pwr.o
 .bss           0x00000000        0x0 ..\obj\stm32f4xx_hal_pwr.o
 .debug_info    0x00000000      0x92a ..\obj\stm32f4xx_hal_pwr.o
 .debug_abbrev  0x00000000      0x229 ..\obj\stm32f4xx_hal_pwr.o
 .debug_loc     0x00000000       0xfb ..\obj\stm32f4xx_hal_pwr.o
 .debug_aranges
                0x00000000       0x20 ..\obj\stm32f4xx_hal_pwr.o
 .debug_line    0x00000000      0x2b8 ..\obj\stm32f4xx_hal_pwr.o
 .debug_str     0x00000000      0x5a0 ..\obj\stm32f4xx_hal_pwr.o
 .comment       0x00000000       0x71 ..\obj\stm32f4xx_hal_pwr.o
 .debug_frame   0x00000000      0x128 ..\obj\stm32f4xx_hal_pwr.o
 .ARM.attributes
                0x00000000       0x37 ..\obj\stm32f4xx_hal_pwr.o
 .data          0x00000000        0x0 ..\obj\stm32f4xx_hal_rcc.o
 .bss           0x00000000        0x0 ..\obj\stm32f4xx_hal_rcc.o
 .text          0x00000000      0x1c8 ..\obj\stm32f4xx_hal_rcc_ex.o
 .data          0x00000000        0x0 ..\obj\stm32f4xx_hal_rcc_ex.o
 .bss           0x00000000        0x0 ..\obj\stm32f4xx_hal_rcc_ex.o
 .debug_info    0x00000000      0x63b ..\obj\stm32f4xx_hal_rcc_ex.o
 .debug_abbrev  0x00000000      0x1d6 ..\obj\stm32f4xx_hal_rcc_ex.o
 .debug_loc     0x00000000      0x1e8 ..\obj\stm32f4xx_hal_rcc_ex.o
 .debug_aranges
                0x00000000       0x20 ..\obj\stm32f4xx_hal_rcc_ex.o
 .debug_line    0x00000000      0x2bf ..\obj\stm32f4xx_hal_rcc_ex.o
 .debug_str     0x00000000      0x464 ..\obj\stm32f4xx_hal_rcc_ex.o
 .comment       0x00000000       0x71 ..\obj\stm32f4xx_hal_rcc_ex.o
 .debug_frame   0x00000000       0x50 ..\obj\stm32f4xx_hal_rcc_ex.o
 .ARM.attributes
                0x00000000       0x37 ..\obj\stm32f4xx_hal_rcc_ex.o
 .text          0x00000000        0x0 ..\obj\stm32f4xx_ll_fmc.o
 .data          0x00000000        0x0 ..\obj\stm32f4xx_ll_fmc.o
 .bss           0x00000000        0x0 ..\obj\stm32f4xx_ll_fmc.o
 .debug_info    0x00000000       0x99 ..\obj\stm32f4xx_ll_fmc.o
 .debug_abbrev  0x00000000       0x4b ..\obj\stm32f4xx_ll_fmc.o
 .debug_aranges
                0x00000000       0x18 ..\obj\stm32f4xx_ll_fmc.o
 .debug_line    0x00000000      0x133 ..\obj\stm32f4xx_ll_fmc.o
 .debug_str     0x00000000      0x1ec ..\obj\stm32f4xx_ll_fmc.o
 .comment       0x00000000       0x71 ..\obj\stm32f4xx_ll_fmc.o
 .ARM.attributes
                0x00000000       0x37 ..\obj\stm32f4xx_ll_fmc.o
 .text          0x00000000       0xa8 ..\obj\stm32f4xx_hal_i2c_ex.o
 .data          0x00000000        0x0 ..\obj\stm32f4xx_hal_i2c_ex.o
 .bss           0x00000000        0x0 ..\obj\stm32f4xx_hal_i2c_ex.o
 .debug_info    0x00000000      0x5df ..\obj\stm32f4xx_hal_i2c_ex.o
 .debug_abbrev  0x00000000      0x140 ..\obj\stm32f4xx_hal_i2c_ex.o
 .debug_loc     0x00000000      0x1ea ..\obj\stm32f4xx_hal_i2c_ex.o
 .debug_aranges
                0x00000000       0x20 ..\obj\stm32f4xx_hal_i2c_ex.o
 .debug_line    0x00000000      0x246 ..\obj\stm32f4xx_hal_i2c_ex.o
 .debug_str     0x00000000      0x704 ..\obj\stm32f4xx_hal_i2c_ex.o
 .comment       0x00000000       0x71 ..\obj\stm32f4xx_hal_i2c_ex.o
 .debug_frame   0x00000000       0x44 ..\obj\stm32f4xx_hal_i2c_ex.o
 .ARM.attributes
                0x00000000       0x37 ..\obj\stm32f4xx_hal_i2c_ex.o
 .text          0x00000000        0x0 ..\obj\stm32f4xx_hal_dcmi_ex.o
 .data          0x00000000        0x0 ..\obj\stm32f4xx_hal_dcmi_ex.o
 .bss           0x00000000        0x0 ..\obj\stm32f4xx_hal_dcmi_ex.o
 .debug_info    0x00000000       0x99 ..\obj\stm32f4xx_hal_dcmi_ex.o
 .debug_abbrev  0x00000000       0x4b ..\obj\stm32f4xx_hal_dcmi_ex.o
 .debug_aranges
                0x00000000       0x18 ..\obj\stm32f4xx_hal_dcmi_ex.o
 .debug_line    0x00000000      0x133 ..\obj\stm32f4xx_hal_dcmi_ex.o
 .debug_str     0x00000000      0x1f1 ..\obj\stm32f4xx_hal_dcmi_ex.o
 .comment       0x00000000       0x71 ..\obj\stm32f4xx_hal_dcmi_ex.o
 .ARM.attributes
                0x00000000       0x37 ..\obj\stm32f4xx_hal_dcmi_ex.o
 .text          0x00000000     0x142c ..\obj\stm32f4xx_hal_spi.o
 .data          0x00000000        0x0 ..\obj\stm32f4xx_hal_spi.o
 .bss           0x00000000        0x0 ..\obj\stm32f4xx_hal_spi.o
 .debug_info    0x00000000     0x16c3 ..\obj\stm32f4xx_hal_spi.o
 .debug_abbrev  0x00000000      0x2af ..\obj\stm32f4xx_hal_spi.o
 .debug_loc     0x00000000     0x10b7 ..\obj\stm32f4xx_hal_spi.o
 .debug_aranges
                0x00000000       0x20 ..\obj\stm32f4xx_hal_spi.o
 .debug_line    0x00000000      0x8fe ..\obj\stm32f4xx_hal_spi.o
 .debug_str     0x00000000      0xa8c ..\obj\stm32f4xx_hal_spi.o
 .comment       0x00000000       0x71 ..\obj\stm32f4xx_hal_spi.o
 .debug_frame   0x00000000      0x3e8 ..\obj\stm32f4xx_hal_spi.o
 .ARM.attributes
                0x00000000       0x37 ..\obj\stm32f4xx_hal_spi.o
 .text          0x00000000      0xdb4 ..\obj\stm32f4xx_hal_usart.o
 .data          0x00000000        0x0 ..\obj\stm32f4xx_hal_usart.o
 .bss           0x00000000        0x0 ..\obj\stm32f4xx_hal_usart.o
 .debug_info    0x00000000     0x12aa ..\obj\stm32f4xx_hal_usart.o
 .debug_abbrev  0x00000000      0x2dd ..\obj\stm32f4xx_hal_usart.o
 .debug_loc     0x00000000     0x1119 ..\obj\stm32f4xx_hal_usart.o
 .debug_aranges
                0x00000000       0x20 ..\obj\stm32f4xx_hal_usart.o
 .debug_line    0x00000000      0x78f ..\obj\stm32f4xx_hal_usart.o
 .debug_str     0x00000000      0xa51 ..\obj\stm32f4xx_hal_usart.o
 .comment       0x00000000       0x71 ..\obj\stm32f4xx_hal_usart.o
 .debug_frame   0x00000000      0x308 ..\obj\stm32f4xx_hal_usart.o
 .ARM.attributes
                0x00000000       0x37 ..\obj\stm32f4xx_hal_usart.o
 .text          0x00000000        0x0 ..\obj\stm32f4xx_hal_dma2d.o
 .data          0x00000000        0x0 ..\obj\stm32f4xx_hal_dma2d.o
 .bss           0x00000000        0x0 ..\obj\stm32f4xx_hal_dma2d.o
 .debug_info    0x00000000       0x99 ..\obj\stm32f4xx_hal_dma2d.o
 .debug_abbrev  0x00000000       0x4b ..\obj\stm32f4xx_hal_dma2d.o
 .debug_aranges
                0x00000000       0x18 ..\obj\stm32f4xx_hal_dma2d.o
 .debug_line    0x00000000      0x133 ..\obj\stm32f4xx_hal_dma2d.o
 .debug_str     0x00000000      0x1ef ..\obj\stm32f4xx_hal_dma2d.o
 .comment       0x00000000       0x71 ..\obj\stm32f4xx_hal_dma2d.o
 .ARM.attributes
                0x00000000       0x37 ..\obj\stm32f4xx_hal_dma2d.o
 .text          0x00000000        0x0 ..\obj\stm32f4xx_hal_cryp_ex.o
 .data          0x00000000        0x0 ..\obj\stm32f4xx_hal_cryp_ex.o
 .bss           0x00000000        0x0 ..\obj\stm32f4xx_hal_cryp_ex.o
 .debug_info    0x00000000       0x99 ..\obj\stm32f4xx_hal_cryp_ex.o
 .debug_abbrev  0x00000000       0x4b ..\obj\stm32f4xx_hal_cryp_ex.o
 .debug_aranges
                0x00000000       0x18 ..\obj\stm32f4xx_hal_cryp_ex.o
 .debug_line    0x00000000      0x133 ..\obj\stm32f4xx_hal_cryp_ex.o
 .debug_str     0x00000000      0x1f1 ..\obj\stm32f4xx_hal_cryp_ex.o
 .comment       0x00000000       0x71 ..\obj\stm32f4xx_hal_cryp_ex.o
 .ARM.attributes
                0x00000000       0x37 ..\obj\stm32f4xx_hal_cryp_ex.o
 .text          0x00000000        0x0 ..\obj\stm32f4xx_hal_sai_ex.o
 .data          0x00000000        0x0 ..\obj\stm32f4xx_hal_sai_ex.o
 .bss           0x00000000        0x0 ..\obj\stm32f4xx_hal_sai_ex.o
 .debug_info    0x00000000       0x99 ..\obj\stm32f4xx_hal_sai_ex.o
 .debug_abbrev  0x00000000       0x4b ..\obj\stm32f4xx_hal_sai_ex.o
 .debug_aranges
                0x00000000       0x18 ..\obj\stm32f4xx_hal_sai_ex.o
 .debug_line    0x00000000      0x133 ..\obj\stm32f4xx_hal_sai_ex.o
 .debug_str     0x00000000      0x1f0 ..\obj\stm32f4xx_hal_sai_ex.o
 .comment       0x00000000       0x71 ..\obj\stm32f4xx_hal_sai_ex.o
 .ARM.attributes
                0x00000000       0x37 ..\obj\stm32f4xx_hal_sai_ex.o
 .data          0x00000000        0x0 ..\obj\stm32f4xx_it.o
 .bss           0x00000000        0x0 ..\obj\stm32f4xx_it.o
 .text          0x00000000        0x0 ..\obj\stm32f4xx_hal_ltdc.o
 .data          0x00000000        0x0 ..\obj\stm32f4xx_hal_ltdc.o
 .bss           0x00000000        0x0 ..\obj\stm32f4xx_hal_ltdc.o
 .debug_info    0x00000000       0x99 ..\obj\stm32f4xx_hal_ltdc.o
 .debug_abbrev  0x00000000       0x4b ..\obj\stm32f4xx_hal_ltdc.o
 .debug_aranges
                0x00000000       0x18 ..\obj\stm32f4xx_hal_ltdc.o
 .debug_line    0x00000000      0x133 ..\obj\stm32f4xx_hal_ltdc.o
 .debug_str     0x00000000      0x1ee ..\obj\stm32f4xx_hal_ltdc.o
 .comment       0x00000000       0x71 ..\obj\stm32f4xx_hal_ltdc.o
 .ARM.attributes
                0x00000000       0x37 ..\obj\stm32f4xx_hal_ltdc.o
 .text          0x00000000       0xd0 ..\obj\stm32f4xx_hal_crc.o
 .data          0x00000000        0x0 ..\obj\stm32f4xx_hal_crc.o
 .bss           0x00000000        0x0 ..\obj\stm32f4xx_hal_crc.o
 .debug_info    0x00000000      0x398 ..\obj\stm32f4xx_hal_crc.o
 .debug_abbrev  0x00000000      0x15c ..\obj\stm32f4xx_hal_crc.o
 .debug_loc     0x00000000      0x1b7 ..\obj\stm32f4xx_hal_crc.o
 .debug_aranges
                0x00000000       0x20 ..\obj\stm32f4xx_hal_crc.o
 .debug_line    0x00000000      0x27b ..\obj\stm32f4xx_hal_crc.o
 .debug_str     0x00000000      0x3db ..\obj\stm32f4xx_hal_crc.o
 .comment       0x00000000       0x71 ..\obj\stm32f4xx_hal_crc.o
 .debug_frame   0x00000000       0xc8 ..\obj\stm32f4xx_hal_crc.o
 .ARM.attributes
                0x00000000       0x37 ..\obj\stm32f4xx_hal_crc.o
 .text          0x00000000      0x608 ..\obj\stm32f4xx_nucleo.o
 .data          0x00000000        0xc ..\obj\stm32f4xx_nucleo.o
 .bss           0x00000000       0xac ..\obj\stm32f4xx_nucleo.o
 .rodata        0x00000000        0xc ..\obj\stm32f4xx_nucleo.o
 .debug_info    0x00000000     0x1c5d ..\obj\stm32f4xx_nucleo.o
 .debug_abbrev  0x00000000      0x384 ..\obj\stm32f4xx_nucleo.o
 .debug_loc     0x00000000      0x51a ..\obj\stm32f4xx_nucleo.o
 .debug_aranges
                0x00000000       0x20 ..\obj\stm32f4xx_nucleo.o
 .debug_line    0x00000000      0x420 ..\obj\stm32f4xx_nucleo.o
 .debug_str     0x00000000     0x12d7 ..\obj\stm32f4xx_nucleo.o
 .comment       0x00000000       0x71 ..\obj\stm32f4xx_nucleo.o
 .debug_frame   0x00000000      0x294 ..\obj\stm32f4xx_nucleo.o
 .ARM.attributes
                0x00000000       0x37 ..\obj\stm32f4xx_nucleo.o
 .bss           0x00000000        0x0 ..\obj\system_stm32f4xx.o
 .text          0x00000000        0x0 ..\obj\stm32f4xx_hal_pccard.o
 .data          0x00000000        0x0 ..\obj\stm32f4xx_hal_pccard.o
 .bss           0x00000000        0x0 ..\obj\stm32f4xx_hal_pccard.o
 .debug_info    0x00000000       0x99 ..\obj\stm32f4xx_hal_pccard.o
 .debug_abbrev  0x00000000       0x4b ..\obj\stm32f4xx_hal_pccard.o
 .debug_aranges
                0x00000000       0x18 ..\obj\stm32f4xx_hal_pccard.o
 .debug_line    0x00000000      0x133 ..\obj\stm32f4xx_hal_pccard.o
 .debug_str     0x00000000      0x1f0 ..\obj\stm32f4xx_hal_pccard.o
 .comment       0x00000000       0x71 ..\obj\stm32f4xx_hal_pccard.o
 .ARM.attributes
                0x00000000       0x37 ..\obj\stm32f4xx_hal_pccard.o
 .text          0x00000000      0xb7c ..\obj\stm32f4xx_hal_hcd.o
 .data          0x00000000        0x0 ..\obj\stm32f4xx_hal_hcd.o
 .bss           0x00000000        0x0 ..\obj\stm32f4xx_hal_hcd.o
 .debug_info    0x00000000     0x11fa ..\obj\stm32f4xx_hal_hcd.o
 .debug_abbrev  0x00000000      0x2d1 ..\obj\stm32f4xx_hal_hcd.o
 .debug_loc     0x00000000      0x869 ..\obj\stm32f4xx_hal_hcd.o
 .debug_aranges
                0x00000000       0x20 ..\obj\stm32f4xx_hal_hcd.o
 .debug_ranges  0x00000000       0x18 ..\obj\stm32f4xx_hal_hcd.o
 .debug_line    0x00000000      0x42f ..\obj\stm32f4xx_hal_hcd.o
 .debug_str     0x00000000      0xad6 ..\obj\stm32f4xx_hal_hcd.o
 .comment       0x00000000       0x71 ..\obj\stm32f4xx_hal_hcd.o
 .debug_frame   0x00000000      0x214 ..\obj\stm32f4xx_hal_hcd.o
 .ARM.attributes
                0x00000000       0x37 ..\obj\stm32f4xx_hal_hcd.o
 .text          0x00000000      0x418 ..\obj\stm32f4xx_hal_flash.o
 .data          0x00000000        0x0 ..\obj\stm32f4xx_hal_flash.o
 .bss           0x00000000        0x0 ..\obj\stm32f4xx_hal_flash.o
 .debug_info    0x00000000      0x6e7 ..\obj\stm32f4xx_hal_flash.o
 .debug_abbrev  0x00000000      0x26c ..\obj\stm32f4xx_hal_flash.o
 .debug_loc     0x00000000      0x33d ..\obj\stm32f4xx_hal_flash.o
 .debug_aranges
                0x00000000       0x20 ..\obj\stm32f4xx_hal_flash.o
 .debug_line    0x00000000      0x34f ..\obj\stm32f4xx_hal_flash.o
 .debug_str     0x00000000      0x569 ..\obj\stm32f4xx_hal_flash.o
 .comment       0x00000000       0x71 ..\obj\stm32f4xx_hal_flash.o
 .debug_frame   0x00000000      0x13c ..\obj\stm32f4xx_hal_flash.o
 .ARM.attributes
                0x00000000       0x37 ..\obj\stm32f4xx_hal_flash.o
 COMMON         0x00000000       0x20 ..\obj\stm32f4xx_hal_flash.o
 .text          0x00000000        0x0 ..\obj\stm32f4xx_hal_cec.o
 .data          0x00000000        0x0 ..\obj\stm32f4xx_hal_cec.o
 .bss           0x00000000        0x0 ..\obj\stm32f4xx_hal_cec.o
 .debug_info    0x00000000       0x99 ..\obj\stm32f4xx_hal_cec.o
 .debug_abbrev  0x00000000       0x4b ..\obj\stm32f4xx_hal_cec.o
 .debug_aranges
                0x00000000       0x18 ..\obj\stm32f4xx_hal_cec.o
 .debug_line    0x00000000      0x133 ..\obj\stm32f4xx_hal_cec.o
 .debug_str     0x00000000      0x1ed ..\obj\stm32f4xx_hal_cec.o
 .comment       0x00000000       0x71 ..\obj\stm32f4xx_hal_cec.o
 .ARM.attributes
                0x00000000       0x37 ..\obj\stm32f4xx_hal_cec.o
 .text          0x00000000      0x8f4 ..\obj\stm32f4xx_hal_i2s.o
 .data          0x00000000        0x0 ..\obj\stm32f4xx_hal_i2s.o
 .bss           0x00000000        0x0 ..\obj\stm32f4xx_hal_i2s.o
 .debug_info    0x00000000      0xe9d ..\obj\stm32f4xx_hal_i2s.o
 .debug_abbrev  0x00000000      0x241 ..\obj\stm32f4xx_hal_i2s.o
 .debug_loc     0x00000000     0x1122 ..\obj\stm32f4xx_hal_i2s.o
 .debug_aranges
                0x00000000       0x20 ..\obj\stm32f4xx_hal_i2s.o
 .debug_line    0x00000000      0x5e8 ..\obj\stm32f4xx_hal_i2s.o
 .debug_str     0x00000000      0x92e ..\obj\stm32f4xx_hal_i2s.o
 .comment       0x00000000       0x71 ..\obj\stm32f4xx_hal_i2s.o
 .debug_frame   0x00000000      0x2e4 ..\obj\stm32f4xx_hal_i2s.o
 .ARM.attributes
                0x00000000       0x37 ..\obj\stm32f4xx_hal_i2s.o
 .data          0x00000000        0x0 ..\obj\stm32f4xx_hal.o
 .data          0x00000000        0x0 ..\obj\stm32f4xx_hal_gpio.o
 .bss           0x00000000        0x0 ..\obj\stm32f4xx_hal_gpio.o
 .data          0x00000000        0x0 ..\obj\stm32f4xx_hal_cortex.o
 .bss           0x00000000        0x0 ..\obj\stm32f4xx_hal_cortex.o
 .text          0x00000000      0x988 ..\obj\stm32f4xx_hal_rtc.o
 .data          0x00000000        0x0 ..\obj\stm32f4xx_hal_rtc.o
 .bss           0x00000000        0x0 ..\obj\stm32f4xx_hal_rtc.o
 .debug_info    0x00000000      0xde4 ..\obj\stm32f4xx_hal_rtc.o
 .debug_abbrev  0x00000000      0x1c2 ..\obj\stm32f4xx_hal_rtc.o
 .debug_loc     0x00000000      0xbec ..\obj\stm32f4xx_hal_rtc.o
 .debug_aranges
                0x00000000       0x20 ..\obj\stm32f4xx_hal_rtc.o
 .debug_line    0x00000000      0x4b0 ..\obj\stm32f4xx_hal_rtc.o
 .debug_str     0x00000000      0x75d ..\obj\stm32f4xx_hal_rtc.o
 .comment       0x00000000       0x71 ..\obj\stm32f4xx_hal_rtc.o
 .debug_frame   0x00000000      0x228 ..\obj\stm32f4xx_hal_rtc.o
 .ARM.attributes
                0x00000000       0x37 ..\obj\stm32f4xx_hal_rtc.o
 .text          0x00000000      0xbd4 ..\obj\stm32f4xx_hal_tim_ex.o
 .data          0x00000000        0x0 ..\obj\stm32f4xx_hal_tim_ex.o
 .bss           0x00000000        0x0 ..\obj\stm32f4xx_hal_tim_ex.o
 .debug_info    0x00000000     0x12ef ..\obj\stm32f4xx_hal_tim_ex.o
 .debug_abbrev  0x00000000      0x238 ..\obj\stm32f4xx_hal_tim_ex.o
 .debug_loc     0x00000000      0xc4a ..\obj\stm32f4xx_hal_tim_ex.o
 .debug_aranges
                0x00000000       0x20 ..\obj\stm32f4xx_hal_tim_ex.o
 .debug_line    0x00000000      0x5d2 ..\obj\stm32f4xx_hal_tim_ex.o
 .debug_str     0x00000000      0xccb ..\obj\stm32f4xx_hal_tim_ex.o
 .comment       0x00000000       0x71 ..\obj\stm32f4xx_hal_tim_ex.o
 .debug_frame   0x00000000      0x3c8 ..\obj\stm32f4xx_hal_tim_ex.o
 .ARM.attributes
                0x00000000       0x37 ..\obj\stm32f4xx_hal_tim_ex.o
 .text          0x00000000     0x1910 ..\obj\stm32f4xx_hal_sd.o
 .data          0x00000000        0x0 ..\obj\stm32f4xx_hal_sd.o
 .bss           0x00000000        0x0 ..\obj\stm32f4xx_hal_sd.o
 .debug_info    0x00000000     0x29cd ..\obj\stm32f4xx_hal_sd.o
 .debug_abbrev  0x00000000      0x323 ..\obj\stm32f4xx_hal_sd.o
 .debug_loc     0x00000000     0x2329 ..\obj\stm32f4xx_hal_sd.o
 .debug_aranges
                0x00000000       0x20 ..\obj\stm32f4xx_hal_sd.o
 .debug_ranges  0x00000000       0x88 ..\obj\stm32f4xx_hal_sd.o
 .debug_line    0x00000000      0x8ab ..\obj\stm32f4xx_hal_sd.o
 .debug_str     0x00000000     0x1493 ..\obj\stm32f4xx_hal_sd.o
 .comment       0x00000000       0x71 ..\obj\stm32f4xx_hal_sd.o
 .debug_frame   0x00000000      0x3dc ..\obj\stm32f4xx_hal_sd.o
 .ARM.attributes
                0x00000000       0x37 ..\obj\stm32f4xx_hal_sd.o
 .text          0x00000000       0xf4 ..\obj\stm32f4xx_ll_sdmmc.o
 .data          0x00000000        0x0 ..\obj\stm32f4xx_ll_sdmmc.o
 .bss           0x00000000        0x0 ..\obj\stm32f4xx_ll_sdmmc.o
 .debug_info    0x00000000      0x602 ..\obj\stm32f4xx_ll_sdmmc.o
 .debug_abbrev  0x00000000      0x17c ..\obj\stm32f4xx_ll_sdmmc.o
 .debug_loc     0x00000000      0x33d ..\obj\stm32f4xx_ll_sdmmc.o
 .debug_aranges
                0x00000000       0x20 ..\obj\stm32f4xx_ll_sdmmc.o
 .debug_line    0x00000000      0x251 ..\obj\stm32f4xx_ll_sdmmc.o
 .debug_str     0x00000000      0x506 ..\obj\stm32f4xx_ll_sdmmc.o
 .comment       0x00000000       0x71 ..\obj\stm32f4xx_ll_sdmmc.o
 .debug_frame   0x00000000      0x110 ..\obj\stm32f4xx_ll_sdmmc.o
 .ARM.attributes
                0x00000000       0x37 ..\obj\stm32f4xx_ll_sdmmc.o
 .text          0x00000000        0x0 ..\obj\stm32f4xx_hal_nor.o
 .data          0x00000000        0x0 ..\obj\stm32f4xx_hal_nor.o
 .bss           0x00000000        0x0 ..\obj\stm32f4xx_hal_nor.o
 .debug_info    0x00000000       0x99 ..\obj\stm32f4xx_hal_nor.o
 .debug_abbrev  0x00000000       0x4b ..\obj\stm32f4xx_hal_nor.o
 .debug_aranges
                0x00000000       0x18 ..\obj\stm32f4xx_hal_nor.o
 .debug_line    0x00000000      0x133 ..\obj\stm32f4xx_hal_nor.o
 .debug_str     0x00000000      0x1ed ..\obj\stm32f4xx_hal_nor.o
 .comment       0x00000000       0x71 ..\obj\stm32f4xx_hal_nor.o
 .ARM.attributes
                0x00000000       0x37 ..\obj\stm32f4xx_hal_nor.o
 .text          0x00000000       0x14 ..\obj\startup_stm32f401xe.o
 .data          0x00000000        0x0 ..\obj\startup_stm32f401xe.o
 .bss           0x00000000        0x0 ..\obj\startup_stm32f401xe.o
 .text          0x00000000     0x1474 ..\obj\stm32f4xx_ll_usb.o
 .data          0x00000000        0x0 ..\obj\stm32f4xx_ll_usb.o
 .bss           0x00000000        0x4 ..\obj\stm32f4xx_ll_usb.o
 .debug_info    0x00000000     0x16c7 ..\obj\stm32f4xx_ll_usb.o
 .debug_abbrev  0x00000000      0x253 ..\obj\stm32f4xx_ll_usb.o
 .debug_loc     0x00000000     0x1373 ..\obj\stm32f4xx_ll_usb.o
 .debug_aranges
                0x00000000       0x20 ..\obj\stm32f4xx_ll_usb.o
 .debug_line    0x00000000      0x571 ..\obj\stm32f4xx_ll_usb.o
 .debug_str     0x00000000      0xbae ..\obj\stm32f4xx_ll_usb.o
 .comment       0x00000000       0x71 ..\obj\stm32f4xx_ll_usb.o
 .debug_frame   0x00000000      0x490 ..\obj\stm32f4xx_ll_usb.o
 .ARM.attributes
                0x00000000       0x37 ..\obj\stm32f4xx_ll_usb.o
 .text          0x00000000        0x0 ..\obj\stm32f4xx_ll_fsmc.o
 .data          0x00000000        0x0 ..\obj\stm32f4xx_ll_fsmc.o
 .bss           0x00000000        0x0 ..\obj\stm32f4xx_ll_fsmc.o
 .debug_info    0x00000000       0x99 ..\obj\stm32f4xx_ll_fsmc.o
 .debug_abbrev  0x00000000       0x4b ..\obj\stm32f4xx_ll_fsmc.o
 .debug_aranges
                0x00000000       0x18 ..\obj\stm32f4xx_ll_fsmc.o
 .debug_line    0x00000000      0x133 ..\obj\stm32f4xx_ll_fsmc.o
 .debug_str     0x00000000      0x1ed ..\obj\stm32f4xx_ll_fsmc.o
 .comment       0x00000000       0x71 ..\obj\stm32f4xx_ll_fsmc.o
 .ARM.attributes
                0x00000000       0x37 ..\obj\stm32f4xx_ll_fsmc.o
 .text          0x00000000        0x0 ..\obj\stm32f4xx_hal_qspi.o
 .data          0x00000000        0x0 ..\obj\stm32f4xx_hal_qspi.o
 .bss           0x00000000        0x0 ..\obj\stm32f4xx_hal_qspi.o
 .debug_info    0x00000000       0x99 ..\obj\stm32f4xx_hal_qspi.o
 .debug_abbrev  0x00000000       0x4b ..\obj\stm32f4xx_hal_qspi.o
 .debug_aranges
                0x00000000       0x18 ..\obj\stm32f4xx_hal_qspi.o
 .debug_line    0x00000000      0x133 ..\obj\stm32f4xx_hal_qspi.o
 .debug_str     0x00000000      0x1ee ..\obj\stm32f4xx_hal_qspi.o
 .comment       0x00000000       0x71 ..\obj\stm32f4xx_hal_qspi.o
 .ARM.attributes
                0x00000000       0x37 ..\obj\stm32f4xx_hal_qspi.o
 .text          0x00000000      0x61c ..\obj\stm32f4xx_hal_adc_ex.o
 .data          0x00000000        0x0 ..\obj\stm32f4xx_hal_adc_ex.o
 .bss           0x00000000        0x0 ..\obj\stm32f4xx_hal_adc_ex.o
 .debug_info    0x00000000      0xb4c ..\obj\stm32f4xx_hal_adc_ex.o
 .debug_abbrev  0x00000000      0x22b ..\obj\stm32f4xx_hal_adc_ex.o
 .debug_loc     0x00000000      0x4f2 ..\obj\stm32f4xx_hal_adc_ex.o
 .debug_aranges
                0x00000000       0x20 ..\obj\stm32f4xx_hal_adc_ex.o
 .debug_line    0x00000000      0x440 ..\obj\stm32f4xx_hal_adc_ex.o
 .debug_str     0x00000000      0xb36 ..\obj\stm32f4xx_hal_adc_ex.o
 .comment       0x00000000       0x71 ..\obj\stm32f4xx_hal_adc_ex.o
 .debug_frame   0x00000000      0x19c ..\obj\stm32f4xx_hal_adc_ex.o
 .ARM.attributes
                0x00000000       0x37 ..\obj\stm32f4xx_hal_adc_ex.o
 .text          0x00000000        0x0 ..\obj\stm32f4xx_hal_sram.o
 .data          0x00000000        0x0 ..\obj\stm32f4xx_hal_sram.o
 .bss           0x00000000        0x0 ..\obj\stm32f4xx_hal_sram.o
 .debug_info    0x00000000       0x99 ..\obj\stm32f4xx_hal_sram.o
 .debug_abbrev  0x00000000       0x4b ..\obj\stm32f4xx_hal_sram.o
 .debug_aranges
                0x00000000       0x18 ..\obj\stm32f4xx_hal_sram.o
 .debug_line    0x00000000      0x133 ..\obj\stm32f4xx_hal_sram.o
 .debug_str     0x00000000      0x1ee ..\obj\stm32f4xx_hal_sram.o
 .comment       0x00000000       0x71 ..\obj\stm32f4xx_hal_sram.o
 .ARM.attributes
                0x00000000       0x37 ..\obj\stm32f4xx_hal_sram.o
 .text          0x00000000        0x0 ..\obj\stm32f4xx_hal_dac_ex.o
 .data          0x00000000        0x0 ..\obj\stm32f4xx_hal_dac_ex.o
 .bss           0x00000000        0x0 ..\obj\stm32f4xx_hal_dac_ex.o
 .debug_info    0x00000000       0x99 ..\obj\stm32f4xx_hal_dac_ex.o
 .debug_abbrev  0x00000000       0x4b ..\obj\stm32f4xx_hal_dac_ex.o
 .debug_aranges
                0x00000000       0x18 ..\obj\stm32f4xx_hal_dac_ex.o
 .debug_line    0x00000000      0x133 ..\obj\stm32f4xx_hal_dac_ex.o
 .debug_str     0x00000000      0x1f0 ..\obj\stm32f4xx_hal_dac_ex.o
 .comment       0x00000000       0x71 ..\obj\stm32f4xx_hal_dac_ex.o
 .ARM.attributes
                0x00000000       0x37 ..\obj\stm32f4xx_hal_dac_ex.o
 .text          0x00000000        0x0 ..\obj\stm32f4xx_hal_cryp.o
 .data          0x00000000        0x0 ..\obj\stm32f4xx_hal_cryp.o
 .bss           0x00000000        0x0 ..\obj\stm32f4xx_hal_cryp.o
 .debug_info    0x00000000       0x99 ..\obj\stm32f4xx_hal_cryp.o
 .debug_abbrev  0x00000000       0x4b ..\obj\stm32f4xx_hal_cryp.o
 .debug_aranges
                0x00000000       0x18 ..\obj\stm32f4xx_hal_cryp.o
 .debug_line    0x00000000      0x133 ..\obj\stm32f4xx_hal_cryp.o
 .debug_str     0x00000000      0x1ee ..\obj\stm32f4xx_hal_cryp.o
 .comment       0x00000000       0x71 ..\obj\stm32f4xx_hal_cryp.o
 .ARM.attributes
                0x00000000       0x37 ..\obj\stm32f4xx_hal_cryp.o
 .text          0x00000000        0x0 ..\obj\stm32f4xx_hal_flash_ramfunc.o
 .data          0x00000000        0x0 ..\obj\stm32f4xx_hal_flash_ramfunc.o
 .bss           0x00000000        0x0 ..\obj\stm32f4xx_hal_flash_ramfunc.o
 .debug_info    0x00000000       0x99 ..\obj\stm32f4xx_hal_flash_ramfunc.o
 .debug_abbrev  0x00000000       0x4b ..\obj\stm32f4xx_hal_flash_ramfunc.o
 .debug_aranges
                0x00000000       0x18 ..\obj\stm32f4xx_hal_flash_ramfunc.o
 .debug_line    0x00000000      0x133 ..\obj\stm32f4xx_hal_flash_ramfunc.o
 .debug_str     0x00000000      0x1f7 ..\obj\stm32f4xx_hal_flash_ramfunc.o
 .comment       0x00000000       0x71 ..\obj\stm32f4xx_hal_flash_ramfunc.o
 .ARM.attributes
                0x00000000       0x37 ..\obj\stm32f4xx_hal_flash_ramfunc.o
 .text          0x00000000      0xaa8 ..\obj\stm32f4xx_hal_rtc_ex.o
 .data          0x00000000        0x0 ..\obj\stm32f4xx_hal_rtc_ex.o
 .bss           0x00000000        0x0 ..\obj\stm32f4xx_hal_rtc_ex.o
 .debug_info    0x00000000     0x1046 ..\obj\stm32f4xx_hal_rtc_ex.o
 .debug_abbrev  0x00000000      0x1e8 ..\obj\stm32f4xx_hal_rtc_ex.o
 .debug_loc     0x00000000      0xde9 ..\obj\stm32f4xx_hal_rtc_ex.o
 .debug_aranges
                0x00000000       0x20 ..\obj\stm32f4xx_hal_rtc_ex.o
 .debug_line    0x00000000      0x73c ..\obj\stm32f4xx_hal_rtc_ex.o
 .debug_str     0x00000000      0xabd ..\obj\stm32f4xx_hal_rtc_ex.o
 .comment       0x00000000       0x71 ..\obj\stm32f4xx_hal_rtc_ex.o
 .debug_frame   0x00000000      0x3b8 ..\obj\stm32f4xx_hal_rtc_ex.o
 .ARM.attributes
                0x00000000       0x37 ..\obj\stm32f4xx_hal_rtc_ex.o
 .text          0x00000000        0x0 ..\obj\stm32f4xx_hal_spdifrx.o
 .data          0x00000000        0x0 ..\obj\stm32f4xx_hal_spdifrx.o
 .bss           0x00000000        0x0 ..\obj\stm32f4xx_hal_spdifrx.o
 .debug_info    0x00000000       0x99 ..\obj\stm32f4xx_hal_spdifrx.o
 .debug_abbrev  0x00000000       0x4b ..\obj\stm32f4xx_hal_spdifrx.o
 .debug_aranges
                0x00000000       0x18 ..\obj\stm32f4xx_hal_spdifrx.o
 .debug_line    0x00000000      0x133 ..\obj\stm32f4xx_hal_spdifrx.o
 .debug_str     0x00000000      0x1f1 ..\obj\stm32f4xx_hal_spdifrx.o
 .comment       0x00000000       0x71 ..\obj\stm32f4xx_hal_spdifrx.o
 .ARM.attributes
                0x00000000       0x37 ..\obj\stm32f4xx_hal_spdifrx.o
 .text          0x00000000        0x0 ..\obj\stm32f4xx_hal_dac.o
 .data          0x00000000        0x0 ..\obj\stm32f4xx_hal_dac.o
 .bss           0x00000000        0x0 ..\obj\stm32f4xx_hal_dac.o
 .debug_info    0x00000000       0x99 ..\obj\stm32f4xx_hal_dac.o
 .debug_abbrev  0x00000000       0x4b ..\obj\stm32f4xx_hal_dac.o
 .debug_aranges
                0x00000000       0x18 ..\obj\stm32f4xx_hal_dac.o
 .debug_line    0x00000000      0x133 ..\obj\stm32f4xx_hal_dac.o
 .debug_str     0x00000000      0x1ed ..\obj\stm32f4xx_hal_dac.o
 .comment       0x00000000       0x71 ..\obj\stm32f4xx_hal_dac.o
 .ARM.attributes
                0x00000000       0x37 ..\obj\stm32f4xx_hal_dac.o
 .text          0x00000000      0xdb4 ..\obj\stm32f4xx_hal_uart.o
 .data          0x00000000        0x0 ..\obj\stm32f4xx_hal_uart.o
 .bss           0x00000000        0x0 ..\obj\stm32f4xx_hal_uart.o
 .debug_info    0x00000000     0x122d ..\obj\stm32f4xx_hal_uart.o
 .debug_abbrev  0x00000000      0x2cc ..\obj\stm32f4xx_hal_uart.o
 .debug_loc     0x00000000      0xf8d ..\obj\stm32f4xx_hal_uart.o
 .debug_aranges
                0x00000000       0x20 ..\obj\stm32f4xx_hal_uart.o
 .debug_line    0x00000000      0x790 ..\obj\stm32f4xx_hal_uart.o
 .debug_str     0x00000000      0xa7b ..\obj\stm32f4xx_hal_uart.o
 .comment       0x00000000       0x71 ..\obj\stm32f4xx_hal_uart.o
 .debug_frame   0x00000000      0x338 ..\obj\stm32f4xx_hal_uart.o
 .ARM.attributes
                0x00000000       0x37 ..\obj\stm32f4xx_hal_uart.o
 .text          0x00000000        0x0 ..\obj\stm32f4xx_hal_eth.o
 .data          0x00000000        0x0 ..\obj\stm32f4xx_hal_eth.o
 .bss           0x00000000        0x0 ..\obj\stm32f4xx_hal_eth.o
 .debug_info    0x00000000       0x99 ..\obj\stm32f4xx_hal_eth.o
 .debug_abbrev  0x00000000       0x4b ..\obj\stm32f4xx_hal_eth.o
 .debug_aranges
                0x00000000       0x18 ..\obj\stm32f4xx_hal_eth.o
 .debug_line    0x00000000      0x133 ..\obj\stm32f4xx_hal_eth.o
 .debug_str     0x00000000      0x1ed ..\obj\stm32f4xx_hal_eth.o
 .comment       0x00000000       0x71 ..\obj\stm32f4xx_hal_eth.o
 .ARM.attributes
                0x00000000       0x37 ..\obj\stm32f4xx_hal_eth.o
 .text          0x00000000        0x0 ..\obj\stm32f4xx_hal_can.o
 .data          0x00000000        0x0 ..\obj\stm32f4xx_hal_can.o
 .bss           0x00000000        0x0 ..\obj\stm32f4xx_hal_can.o
 .debug_info    0x00000000       0x99 ..\obj\stm32f4xx_hal_can.o
 .debug_abbrev  0x00000000       0x4b ..\obj\stm32f4xx_hal_can.o
 .debug_aranges
                0x00000000       0x18 ..\obj\stm32f4xx_hal_can.o
 .debug_line    0x00000000      0x133 ..\obj\stm32f4xx_hal_can.o
 .debug_str     0x00000000      0x1ed ..\obj\stm32f4xx_hal_can.o
 .comment       0x00000000       0x71 ..\obj\stm32f4xx_hal_can.o
 .ARM.attributes
                0x00000000       0x37 ..\obj\stm32f4xx_hal_can.o
 .text          0x00000000        0x0 ..\obj\stm32f4xx_hal_sai.o
 .data          0x00000000        0x0 ..\obj\stm32f4xx_hal_sai.o
 .bss           0x00000000        0x0 ..\obj\stm32f4xx_hal_sai.o
 .debug_info    0x00000000       0x99 ..\obj\stm32f4xx_hal_sai.o
 .debug_abbrev  0x00000000       0x4b ..\obj\stm32f4xx_hal_sai.o
 .debug_aranges
                0x00000000       0x18 ..\obj\stm32f4xx_hal_sai.o
 .debug_line    0x00000000      0x133 ..\obj\stm32f4xx_hal_sai.o
 .debug_str     0x00000000      0x1ed ..\obj\stm32f4xx_hal_sai.o
 .comment       0x00000000       0x71 ..\obj\stm32f4xx_hal_sai.o
 .ARM.attributes
                0x00000000       0x37 ..\obj\stm32f4xx_hal_sai.o
 .text          0x00000000      0x804 ..\obj\stm32f4xx_hal_smartcard.o
 .data          0x00000000        0x0 ..\obj\stm32f4xx_hal_smartcard.o
 .bss           0x00000000        0x0 ..\obj\stm32f4xx_hal_smartcard.o
 .debug_info    0x00000000      0xe89 ..\obj\stm32f4xx_hal_smartcard.o
 .debug_abbrev  0x00000000      0x2f3 ..\obj\stm32f4xx_hal_smartcard.o
 .debug_loc     0x00000000      0xbd4 ..\obj\stm32f4xx_hal_smartcard.o
 .debug_aranges
                0x00000000       0x20 ..\obj\stm32f4xx_hal_smartcard.o
 .debug_ranges  0x00000000       0x48 ..\obj\stm32f4xx_hal_smartcard.o
 .debug_line    0x00000000      0x5a7 ..\obj\stm32f4xx_hal_smartcard.o
 .debug_str     0x00000000      0x9c7 ..\obj\stm32f4xx_hal_smartcard.o
 .comment       0x00000000       0x71 ..\obj\stm32f4xx_hal_smartcard.o
 .debug_frame   0x00000000      0x1bc ..\obj\stm32f4xx_hal_smartcard.o
 .ARM.attributes
                0x00000000       0x37 ..\obj\stm32f4xx_hal_smartcard.o
 .data          0x00000000        0x0 ..\obj\clock_start.o
 .bss           0x00000000        0x0 ..\obj\clock_start.o
 .text          0x00000000      0x134 ..\obj\stm32f4xx_hal_dma_ex.o
 .data          0x00000000        0x0 ..\obj\stm32f4xx_hal_dma_ex.o
 .bss           0x00000000        0x0 ..\obj\stm32f4xx_hal_dma_ex.o
 .debug_info    0x00000000      0x4e7 ..\obj\stm32f4xx_hal_dma_ex.o
 .debug_abbrev  0x00000000      0x12f ..\obj\stm32f4xx_hal_dma_ex.o
 .debug_loc     0x00000000      0x2bd ..\obj\stm32f4xx_hal_dma_ex.o
 .debug_aranges
                0x00000000       0x20 ..\obj\stm32f4xx_hal_dma_ex.o
 .debug_line    0x00000000      0x270 ..\obj\stm32f4xx_hal_dma_ex.o
 .debug_str     0x00000000      0x5a0 ..\obj\stm32f4xx_hal_dma_ex.o
 .comment       0x00000000       0x71 ..\obj\stm32f4xx_hal_dma_ex.o
 .debug_frame   0x00000000       0x5c ..\obj\stm32f4xx_hal_dma_ex.o
 .ARM.attributes
                0x00000000       0x37 ..\obj\stm32f4xx_hal_dma_ex.o
 .text          0x00000000      0x138 ..\obj\stm32f4xx_hal_wwdg.o
 .data          0x00000000        0x0 ..\obj\stm32f4xx_hal_wwdg.o
 .bss           0x00000000        0x0 ..\obj\stm32f4xx_hal_wwdg.o
 .debug_info    0x00000000      0x3e7 ..\obj\stm32f4xx_hal_wwdg.o
 .debug_abbrev  0x00000000      0x17b ..\obj\stm32f4xx_hal_wwdg.o
 .debug_loc     0x00000000      0x1a0 ..\obj\stm32f4xx_hal_wwdg.o
 .debug_aranges
                0x00000000       0x20 ..\obj\stm32f4xx_hal_wwdg.o
 .debug_line    0x00000000      0x2bf ..\obj\stm32f4xx_hal_wwdg.o
 .debug_str     0x00000000      0x403 ..\obj\stm32f4xx_hal_wwdg.o
 .comment       0x00000000       0x71 ..\obj\stm32f4xx_hal_wwdg.o
 .debug_frame   0x00000000       0xe8 ..\obj\stm32f4xx_hal_wwdg.o
 .ARM.attributes
                0x00000000       0x37 ..\obj\stm32f4xx_hal_wwdg.o
 .text          0x00000000      0x9a0 ..\obj\stm32f4xx_hal_pcd.o
 .data          0x00000000        0x0 ..\obj\stm32f4xx_hal_pcd.o
 .bss           0x00000000        0x0 ..\obj\stm32f4xx_hal_pcd.o
 .debug_info    0x00000000     0x15ba ..\obj\stm32f4xx_hal_pcd.o
 .debug_abbrev  0x00000000      0x2e0 ..\obj\stm32f4xx_hal_pcd.o
 .debug_loc     0x00000000      0xc0e ..\obj\stm32f4xx_hal_pcd.o
 .debug_aranges
                0x00000000       0x20 ..\obj\stm32f4xx_hal_pcd.o
 .debug_line    0x00000000      0x54e ..\obj\stm32f4xx_hal_pcd.o
 .debug_str     0x00000000      0xc08 ..\obj\stm32f4xx_hal_pcd.o
 .comment       0x00000000       0x71 ..\obj\stm32f4xx_hal_pcd.o
 .debug_frame   0x00000000      0x2f4 ..\obj\stm32f4xx_hal_pcd.o
 .ARM.attributes
                0x00000000       0x37 ..\obj\stm32f4xx_hal_pcd.o
 .text          0x00000000        0x0 ..\obj\stm32f4xx_hal_rng.o
 .data          0x00000000        0x0 ..\obj\stm32f4xx_hal_rng.o
 .bss           0x00000000        0x0 ..\obj\stm32f4xx_hal_rng.o
 .debug_info    0x00000000       0x99 ..\obj\stm32f4xx_hal_rng.o
 .debug_abbrev  0x00000000       0x4b ..\obj\stm32f4xx_hal_rng.o
 .debug_aranges
                0x00000000       0x18 ..\obj\stm32f4xx_hal_rng.o
 .debug_line    0x00000000      0x133 ..\obj\stm32f4xx_hal_rng.o
 .debug_str     0x00000000      0x1ed ..\obj\stm32f4xx_hal_rng.o
 .comment       0x00000000       0x71 ..\obj\stm32f4xx_hal_rng.o
 .ARM.attributes
                0x00000000       0x37 ..\obj\stm32f4xx_hal_rng.o
 .text          0x00000000     0x1fb0 ..\obj\stm32f4xx_hal_i2c.o
 .data          0x00000000        0x0 ..\obj\stm32f4xx_hal_i2c.o
 .bss           0x00000000        0x0 ..\obj\stm32f4xx_hal_i2c.o
 .debug_info    0x00000000     0x2832 ..\obj\stm32f4xx_hal_i2c.o
 .debug_abbrev  0x00000000      0x29a ..\obj\stm32f4xx_hal_i2c.o
 .debug_loc     0x00000000     0x29c9 ..\obj\stm32f4xx_hal_i2c.o
 .debug_aranges
                0x00000000       0x20 ..\obj\stm32f4xx_hal_i2c.o
 .debug_line    0x00000000      0xc12 ..\obj\stm32f4xx_hal_i2c.o
 .debug_str     0x00000000      0xc91 ..\obj\stm32f4xx_hal_i2c.o
 .comment       0x00000000       0x71 ..\obj\stm32f4xx_hal_i2c.o
 .debug_frame   0x00000000      0x570 ..\obj\stm32f4xx_hal_i2c.o
 .ARM.attributes
                0x00000000       0x37 ..\obj\stm32f4xx_hal_i2c.o
 .text          0x00000000        0x0 ..\obj\stm32f4xx_hal_hash.o
 .data          0x00000000        0x0 ..\obj\stm32f4xx_hal_hash.o
 .bss           0x00000000        0x0 ..\obj\stm32f4xx_hal_hash.o
 .debug_info    0x00000000       0x99 ..\obj\stm32f4xx_hal_hash.o
 .debug_abbrev  0x00000000       0x4b ..\obj\stm32f4xx_hal_hash.o
 .debug_aranges
                0x00000000       0x18 ..\obj\stm32f4xx_hal_hash.o
 .debug_line    0x00000000      0x133 ..\obj\stm32f4xx_hal_hash.o
 .debug_str     0x00000000      0x1ee ..\obj\stm32f4xx_hal_hash.o
 .comment       0x00000000       0x71 ..\obj\stm32f4xx_hal_hash.o
 .ARM.attributes
                0x00000000       0x37 ..\obj\stm32f4xx_hal_hash.o
 .text          0x00000000        0x0 ..\obj\stm32f4xx_hal_dcmi.o
 .data          0x00000000        0x0 ..\obj\stm32f4xx_hal_dcmi.o
 .bss           0x00000000        0x0 ..\obj\stm32f4xx_hal_dcmi.o
 .debug_info    0x00000000       0x99 ..\obj\stm32f4xx_hal_dcmi.o
 .debug_abbrev  0x00000000       0x4b ..\obj\stm32f4xx_hal_dcmi.o
 .debug_aranges
                0x00000000       0x18 ..\obj\stm32f4xx_hal_dcmi.o
 .debug_line    0x00000000      0x133 ..\obj\stm32f4xx_hal_dcmi.o
 .debug_str     0x00000000      0x1ee ..\obj\stm32f4xx_hal_dcmi.o
 .comment       0x00000000       0x71 ..\obj\stm32f4xx_hal_dcmi.o
 .ARM.attributes
                0x00000000       0x37 ..\obj\stm32f4xx_hal_dcmi.o
 .bss           0x00000000        0x0 ..\obj\main.o
 .text          0x00000000      0x8b4 ..\obj\stm32f4xx_hal_adc.o
 .data          0x00000000        0x0 ..\obj\stm32f4xx_hal_adc.o
 .bss           0x00000000        0x0 ..\obj\stm32f4xx_hal_adc.o
 .debug_info    0x00000000      0xe06 ..\obj\stm32f4xx_hal_adc.o
 .debug_abbrev  0x00000000      0x244 ..\obj\stm32f4xx_hal_adc.o
 .debug_loc     0x00000000      0x6fe ..\obj\stm32f4xx_hal_adc.o
 .debug_aranges
                0x00000000       0x20 ..\obj\stm32f4xx_hal_adc.o
 .debug_line    0x00000000      0x51f ..\obj\stm32f4xx_hal_adc.o
 .debug_str     0x00000000      0xaed ..\obj\stm32f4xx_hal_adc.o
 .comment       0x00000000       0x71 ..\obj\stm32f4xx_hal_adc.o
 .debug_frame   0x00000000      0x248 ..\obj\stm32f4xx_hal_adc.o
 .ARM.attributes
                0x00000000       0x37 ..\obj\stm32f4xx_hal_adc.o
 .text          0x00000000      0xa68 ..\obj\stm32f4xx_hal_irda.o
 .data          0x00000000        0x0 ..\obj\stm32f4xx_hal_irda.o
 .bss           0x00000000        0x0 ..\obj\stm32f4xx_hal_irda.o
 .debug_info    0x00000000      0xfe2 ..\obj\stm32f4xx_hal_irda.o
 .debug_abbrev  0x00000000      0x2ee ..\obj\stm32f4xx_hal_irda.o
 .debug_loc     0x00000000      0xcac ..\obj\stm32f4xx_hal_irda.o
 .debug_aranges
                0x00000000       0x20 ..\obj\stm32f4xx_hal_irda.o
 .debug_line    0x00000000      0x639 ..\obj\stm32f4xx_hal_irda.o
 .debug_str     0x00000000      0x987 ..\obj\stm32f4xx_hal_irda.o
 .comment       0x00000000       0x71 ..\obj\stm32f4xx_hal_irda.o
 .debug_frame   0x00000000      0x274 ..\obj\stm32f4xx_hal_irda.o
 .ARM.attributes
                0x00000000       0x37 ..\obj\stm32f4xx_hal_irda.o
 .data          0x00000000        0x0 ..\obj\stm32f4xx_hal_msp.o
 .bss           0x00000000        0x0 ..\obj\stm32f4xx_hal_msp.o
 .text          0x00000000       0xd4 ..\obj\stm32f4xx_hal_iwdg.o
 .data          0x00000000        0x0 ..\obj\stm32f4xx_hal_iwdg.o
 .bss           0x00000000        0x0 ..\obj\stm32f4xx_hal_iwdg.o
 .debug_info    0x00000000      0x321 ..\obj\stm32f4xx_hal_iwdg.o
 .debug_abbrev  0x00000000      0x17f ..\obj\stm32f4xx_hal_iwdg.o
 .debug_loc     0x00000000       0xff ..\obj\stm32f4xx_hal_iwdg.o
 .debug_aranges
                0x00000000       0x20 ..\obj\stm32f4xx_hal_iwdg.o
 .debug_line    0x00000000      0x288 ..\obj\stm32f4xx_hal_iwdg.o
 .debug_str     0x00000000      0x3b0 ..\obj\stm32f4xx_hal_iwdg.o
 .comment       0x00000000       0x71 ..\obj\stm32f4xx_hal_iwdg.o
 .debug_frame   0x00000000       0x78 ..\obj\stm32f4xx_hal_iwdg.o
 .ARM.attributes
                0x00000000       0x37 ..\obj\stm32f4xx_hal_iwdg.o
 .text          0x00000000        0x0 c:/adamgreen-gcc4mbed-3b4f8cb/gcc-arm-none-eabi/bin/../lib/gcc/arm-none-eabi/4.9.3/../../../../arm-none-eabi/lib/armv7e-m/softfp\libg.a(lib_a-exit.o)
 .data          0x00000000        0x0 c:/adamgreen-gcc4mbed-3b4f8cb/gcc-arm-none-eabi/bin/../lib/gcc/arm-none-eabi/4.9.3/../../../../arm-none-eabi/lib/armv7e-m/softfp\libg.a(lib_a-exit.o)
 .bss           0x00000000        0x0 c:/adamgreen-gcc4mbed-3b4f8cb/gcc-arm-none-eabi/bin/../lib/gcc/arm-none-eabi/4.9.3/../../../../arm-none-eabi/lib/armv7e-m/softfp\libg.a(lib_a-exit.o)
 .text.exit     0x00000000       0x20 c:/adamgreen-gcc4mbed-3b4f8cb/gcc-arm-none-eabi/bin/../lib/gcc/arm-none-eabi/4.9.3/../../../../arm-none-eabi/lib/armv7e-m/softfp\libg.a(lib_a-exit.o)
 .debug_frame   0x00000000       0x28 c:/adamgreen-gcc4mbed-3b4f8cb/gcc-arm-none-eabi/bin/../lib/gcc/arm-none-eabi/4.9.3/../../../../arm-none-eabi/lib/armv7e-m/softfp\libg.a(lib_a-exit.o)
 .ARM.attributes
                0x00000000       0x32 c:/adamgreen-gcc4mbed-3b4f8cb/gcc-arm-none-eabi/bin/../lib/gcc/arm-none-eabi/4.9.3/../../../../arm-none-eabi/lib/armv7e-m/softfp\libg.a(lib_a-exit.o)
 .text          0x00000000        0x0 c:/adamgreen-gcc4mbed-3b4f8cb/gcc-arm-none-eabi/bin/../lib/gcc/arm-none-eabi/4.9.3/../../../../arm-none-eabi/lib/armv7e-m/softfp\libg.a(lib_a-impure.o)
 .data          0x00000000        0x0 c:/adamgreen-gcc4mbed-3b4f8cb/gcc-arm-none-eabi/bin/../lib/gcc/arm-none-eabi/4.9.3/../../../../arm-none-eabi/lib/armv7e-m/softfp\libg.a(lib_a-impure.o)
 .bss           0x00000000        0x0 c:/adamgreen-gcc4mbed-3b4f8cb/gcc-arm-none-eabi/bin/../lib/gcc/arm-none-eabi/4.9.3/../../../../arm-none-eabi/lib/armv7e-m/softfp\libg.a(lib_a-impure.o)
 .data._impure_ptr
                0x00000000        0x4 c:/adamgreen-gcc4mbed-3b4f8cb/gcc-arm-none-eabi/bin/../lib/gcc/arm-none-eabi/4.9.3/../../../../arm-none-eabi/lib/armv7e-m/softfp\libg.a(lib_a-impure.o)
 .text          0x00000000        0x0 c:/adamgreen-gcc4mbed-3b4f8cb/gcc-arm-none-eabi/bin/../lib/gcc/arm-none-eabi/4.9.3/../../../../arm-none-eabi/lib/armv7e-m/softfp\libg.a(lib_a-init.o)
 .data          0x00000000        0x0 c:/adamgreen-gcc4mbed-3b4f8cb/gcc-arm-none-eabi/bin/../lib/gcc/arm-none-eabi/4.9.3/../../../../arm-none-eabi/lib/armv7e-m/softfp\libg.a(lib_a-init.o)
 .bss           0x00000000        0x0 c:/adamgreen-gcc4mbed-3b4f8cb/gcc-arm-none-eabi/bin/../lib/gcc/arm-none-eabi/4.9.3/../../../../arm-none-eabi/lib/armv7e-m/softfp\libg.a(lib_a-init.o)
 .text.__libc_init_array
                0x00000000       0x50 c:/adamgreen-gcc4mbed-3b4f8cb/gcc-arm-none-eabi/bin/../lib/gcc/arm-none-eabi/4.9.3/../../../../arm-none-eabi/lib/armv7e-m/softfp\libg.a(lib_a-init.o)
 .debug_frame   0x00000000       0x2c c:/adamgreen-gcc4mbed-3b4f8cb/gcc-arm-none-eabi/bin/../lib/gcc/arm-none-eabi/4.9.3/../../../../arm-none-eabi/lib/armv7e-m/softfp\libg.a(lib_a-init.o)
 .ARM.attributes
                0x00000000       0x32 c:/adamgreen-gcc4mbed-3b4f8cb/gcc-arm-none-eabi/bin/../lib/gcc/arm-none-eabi/4.9.3/../../../../arm-none-eabi/lib/armv7e-m/softfp\libg.a(lib_a-init.o)
 .text          0x00000000        0x0 c:/adamgreen-gcc4mbed-3b4f8cb/gcc-arm-none-eabi/bin/../lib/gcc/arm-none-eabi/4.9.3/../../../../arm-none-eabi/lib/armv7e-m/softfp\libg.a(lib_a-memset.o)
 .data          0x00000000        0x0 c:/adamgreen-gcc4mbed-3b4f8cb/gcc-arm-none-eabi/bin/../lib/gcc/arm-none-eabi/4.9.3/../../../../arm-none-eabi/lib/armv7e-m/softfp\libg.a(lib_a-memset.o)
 .bss           0x00000000        0x0 c:/adamgreen-gcc4mbed-3b4f8cb/gcc-arm-none-eabi/bin/../lib/gcc/arm-none-eabi/4.9.3/../../../../arm-none-eabi/lib/armv7e-m/softfp\libg.a(lib_a-memset.o)
 .text          0x00000000        0x0 c:/adamgreen-gcc4mbed-3b4f8cb/gcc-arm-none-eabi/bin/../lib/gcc/arm-none-eabi/4.9.3/../../../../arm-none-eabi/lib/armv7e-m/softfp\libg.a(lib_a-__call_atexit.o)
 .data          0x00000000        0x0 c:/adamgreen-gcc4mbed-3b4f8cb/gcc-arm-none-eabi/bin/../lib/gcc/arm-none-eabi/4.9.3/../../../../arm-none-eabi/lib/armv7e-m/softfp\libg.a(lib_a-__call_atexit.o)
 .bss           0x00000000        0x0 c:/adamgreen-gcc4mbed-3b4f8cb/gcc-arm-none-eabi/bin/../lib/gcc/arm-none-eabi/4.9.3/../../../../arm-none-eabi/lib/armv7e-m/softfp\libg.a(lib_a-__call_atexit.o)
 .text.__call_exitprocs
                0x00000000       0xd4 c:/adamgreen-gcc4mbed-3b4f8cb/gcc-arm-none-eabi/bin/../lib/gcc/arm-none-eabi/4.9.3/../../../../arm-none-eabi/lib/armv7e-m/softfp\libg.a(lib_a-__call_atexit.o)
 .text          0x00000000        0x0 c:/adamgreen-gcc4mbed-3b4f8cb/gcc-arm-none-eabi/bin/../lib/gcc/arm-none-eabi/4.9.3/../../../../arm-none-eabi/lib/armv7e-m/softfp\libg.a(lib_a-atexit.o)
 .data          0x00000000        0x0 c:/adamgreen-gcc4mbed-3b4f8cb/gcc-arm-none-eabi/bin/../lib/gcc/arm-none-eabi/4.9.3/../../../../arm-none-eabi/lib/armv7e-m/softfp\libg.a(lib_a-atexit.o)
 .bss           0x00000000        0x0 c:/adamgreen-gcc4mbed-3b4f8cb/gcc-arm-none-eabi/bin/../lib/gcc/arm-none-eabi/4.9.3/../../../../arm-none-eabi/lib/armv7e-m/softfp\libg.a(lib_a-atexit.o)
 .text          0x00000000        0x0 c:/adamgreen-gcc4mbed-3b4f8cb/gcc-arm-none-eabi/bin/../lib/gcc/arm-none-eabi/4.9.3/../../../../arm-none-eabi/lib/armv7e-m/softfp\libg.a(lib_a-fini.o)
 .data          0x00000000        0x0 c:/adamgreen-gcc4mbed-3b4f8cb/gcc-arm-none-eabi/bin/../lib/gcc/arm-none-eabi/4.9.3/../../../../arm-none-eabi/lib/armv7e-m/softfp\libg.a(lib_a-fini.o)
 .bss           0x00000000        0x0 c:/adamgreen-gcc4mbed-3b4f8cb/gcc-arm-none-eabi/bin/../lib/gcc/arm-none-eabi/4.9.3/../../../../arm-none-eabi/lib/armv7e-m/softfp\libg.a(lib_a-fini.o)
 .text          0x00000000        0x0 c:/adamgreen-gcc4mbed-3b4f8cb/gcc-arm-none-eabi/bin/../lib/gcc/arm-none-eabi/4.9.3/../../../../arm-none-eabi/lib/armv7e-m/softfp\libg.a(lib_a-__atexit.o)
 .data          0x00000000        0x0 c:/adamgreen-gcc4mbed-3b4f8cb/gcc-arm-none-eabi/bin/../lib/gcc/arm-none-eabi/4.9.3/../../../../arm-none-eabi/lib/armv7e-m/softfp\libg.a(lib_a-__atexit.o)
 .bss           0x00000000        0x0 c:/adamgreen-gcc4mbed-3b4f8cb/gcc-arm-none-eabi/bin/../lib/gcc/arm-none-eabi/4.9.3/../../../../arm-none-eabi/lib/armv7e-m/softfp\libg.a(lib_a-__atexit.o)
 .text          0x00000000        0x0 c:/adamgreen-gcc4mbed-3b4f8cb/gcc-arm-none-eabi/bin/../lib/gcc/arm-none-eabi/4.9.3/armv7e-m/softfp/crtend.o
 .data          0x00000000        0x0 c:/adamgreen-gcc4mbed-3b4f8cb/gcc-arm-none-eabi/bin/../lib/gcc/arm-none-eabi/4.9.3/armv7e-m/softfp/crtend.o
 .bss           0x00000000        0x0 c:/adamgreen-gcc4mbed-3b4f8cb/gcc-arm-none-eabi/bin/../lib/gcc/arm-none-eabi/4.9.3/armv7e-m/softfp/crtend.o
 .eh_frame      0x00000000        0x4 c:/adamgreen-gcc4mbed-3b4f8cb/gcc-arm-none-eabi/bin/../lib/gcc/arm-none-eabi/4.9.3/armv7e-m/softfp/crtend.o
 .text          0x00000000        0x0 c:/adamgreen-gcc4mbed-3b4f8cb/gcc-arm-none-eabi/bin/../lib/gcc/arm-none-eabi/4.9.3/armv7e-m/softfp/crtn.o
 .data          0x00000000        0x0 c:/adamgreen-gcc4mbed-3b4f8cb/gcc-arm-none-eabi/bin/../lib/gcc/arm-none-eabi/4.9.3/armv7e-m/softfp/crtn.o
 .bss           0x00000000        0x0 c:/adamgreen-gcc4mbed-3b4f8cb/gcc-arm-none-eabi/bin/../lib/gcc/arm-none-eabi/4.9.3/armv7e-m/softfp/crtn.o

Memory Configuration

Name             Origin             Length             Attributes
rom              0x08000000         0x00080000         xr
ram              0x20000000         0x00018000         xrw
*default*        0x00000000         0xffffffff

Linker script and memory map

LOAD c:/adamgreen-gcc4mbed-3b4f8cb/gcc-arm-none-eabi/bin/../lib/gcc/arm-none-eabi/4.9.3/armv7e-m/softfp/crti.o
LOAD c:/adamgreen-gcc4mbed-3b4f8cb/gcc-arm-none-eabi/bin/../lib/gcc/arm-none-eabi/4.9.3/armv7e-m/softfp/crtbegin.o
LOAD c:/adamgreen-gcc4mbed-3b4f8cb/gcc-arm-none-eabi/bin/../lib/gcc/arm-none-eabi/4.9.3/../../../../arm-none-eabi/lib/armv7e-m/softfp/crt0.o
                0x20018000                _eram = 0x20018000

.text           0x08000000     0x1dfc
 *(.isr_vector)
 .isr_vector    0x08000000      0x194 ..\obj\startup_stm32f401xe.o
                0x08000000                g_pfnVectors
 *(.text*)
 .text          0x08000194       0x5c c:/adamgreen-gcc4mbed-3b4f8cb/gcc-arm-none-eabi/bin/../lib/gcc/arm-none-eabi/4.9.3/armv7e-m/softfp/crtbegin.o
 .text          0x080001f0      0x9f4 ..\obj\stm32f4xx_hal_rcc.o
                0x080001f0                HAL_RCC_DeInit
                0x0800023c                HAL_RCC_OscConfig
                0x08000610                HAL_RCC_ClockConfig
                0x080008a4                HAL_RCC_MCOConfig
                0x0800093c                HAL_RCC_EnableCSS
                0x08000948                HAL_RCC_DisableCSS
                0x08000954                HAL_RCC_GetSysClockFreq
                0x080009f4                HAL_RCC_GetHCLKFreq
                0x08000a2c                HAL_RCC_GetPCLK1Freq
                0x08000a5c                HAL_RCC_GetPCLK2Freq
                0x08000a8c                HAL_RCC_GetOscConfig
                0x08000b84                HAL_RCC_GetClockConfig
                0x08000bc0                HAL_RCC_CSSCallback
                0x08000bc4                HAL_RCC_NMI_IRQHandler
 .text          0x08000be4      0x594 ..\obj\nokia_lcd.o
                0x08000be4                PCD8544Write
                0x08000c3c                PCD8544SendCommand
                0x08000c54                PCD8544Update
                0x08000ca4                SetPixel
                0x08000ce8                ClearPixel
                0x08000d34                DrawLine
                0x08000df0                FillRect
                0x08000e18                DrawCharXY
                0x08000efc                ExtractDigits
                0x08000f4c                DisplayTime
                0x08000f9c                BigNumber
                0x08000fd4                PCD8544SetContrast
                0x08000ff8                ClearDisplayBuffer
                0x0800100c                PCD8544GPIOConfig
                0x08001088                Start_Gpio
                0x08001104                PCD8544Init
 .text          0x08001178       0x28 ..\obj\stm32f4xx_it.o
                0x08001178                NMI_Handler
                0x0800117c                HardFault_Handler
                0x08001180                MemManage_Handler
                0x08001184                BusFault_Handler
                0x08001188                UsageFault_Handler
                0x0800118c                SVC_Handler
                0x08001190                DebugMon_Handler
                0x08001194                PendSV_Handler
                0x08001198                SysTick_Handler
 .text          0x080011a0       0xd8 ..\obj\system_stm32f4xx.o
                0x080011a0                SystemInit
                0x080011ec                SystemCoreClockUpdate
 .text          0x08001278      0x1a0 ..\obj\stm32f4xx_hal.o
                0x08001280                HAL_DeInit
                0x080012ac                HAL_InitTick
                0x080012d4                HAL_Init
                0x08001308                HAL_IncTick
                0x08001318                HAL_GetTick
                0x08001324                HAL_Delay
                0x08001340                HAL_SuspendTick
                0x08001350                HAL_ResumeTick
                0x08001360                HAL_GetHalVersion
                0x08001368                HAL_GetREVID
                0x08001374                HAL_GetDEVID
                0x08001384                HAL_DBGMCU_EnableDBGSleepMode
                0x08001394                HAL_DBGMCU_DisableDBGSleepMode
                0x080013a4                HAL_DBGMCU_EnableDBGStopMode
                0x080013b4                HAL_DBGMCU_DisableDBGStopMode
                0x080013c4                HAL_DBGMCU_EnableDBGStandbyMode
                0x080013d4                HAL_DBGMCU_DisableDBGStandbyMode
                0x080013e4                HAL_EnableCompensationCell
                0x080013fc                HAL_DisableCompensationCell
 .text          0x08001418      0x31c ..\obj\stm32f4xx_hal_gpio.o
                0x08001418                HAL_GPIO_Init
                0x080015bc                HAL_GPIO_DeInit
                0x080016cc                HAL_GPIO_ReadPin
                0x080016d8                HAL_GPIO_WritePin
                0x080016e4                HAL_GPIO_TogglePin
                0x080016ec                HAL_GPIO_LockPin
                0x08001718                HAL_GPIO_EXTI_Callback
                0x0800171c                HAL_GPIO_EXTI_IRQHandler
 .text          0x08001734      0x1fc ..\obj\stm32f4xx_hal_cortex.o
                0x08001734                HAL_NVIC_SetPriorityGrouping
                0x08001758                HAL_NVIC_SetPriority
                0x080017b8                HAL_NVIC_EnableIRQ
                0x080017d0                HAL_NVIC_DisableIRQ
                0x080017e8                HAL_NVIC_SystemReset
                0x08001808                HAL_SYSTICK_Config
                0x08001834                HAL_NVIC_GetPriorityGrouping
                0x08001844                HAL_NVIC_GetPriority
                0x0800189c                HAL_NVIC_SetPendingIRQ
                0x080018b4                HAL_NVIC_GetPendingIRQ
                0x080018d4                HAL_NVIC_ClearPendingIRQ
                0x080018ec                HAL_NVIC_GetActive
                0x0800190c                HAL_SYSTICK_CLKSourceConfig
                0x08001924                HAL_SYSTICK_Callback
                0x08001928                HAL_SYSTICK_IRQHandler
 .text.Reset_Handler
                0x08001930       0x4c ..\obj\startup_stm32f401xe.o
                0x08001930                Reset_Handler
 .text.Default_Handler
                0x0800197c        0x2 ..\obj\startup_stm32f401xe.o
                0x0800197c                RTC_Alarm_IRQHandler
                0x0800197c                EXTI2_IRQHandler
                0x0800197c                SPI4_IRQHandler
                0x0800197c                TIM1_CC_IRQHandler
                0x0800197c                DMA2_Stream5_IRQHandler
                0x0800197c                DMA1_Stream5_IRQHandler
                0x0800197c                PVD_IRQHandler
                0x0800197c                SDIO_IRQHandler
                0x0800197c                TAMP_STAMP_IRQHandler
                0x0800197c                EXTI3_IRQHandler
                0x0800197c                TIM1_UP_TIM10_IRQHandler
                0x0800197c                I2C3_ER_IRQHandler
                0x0800197c                EXTI0_IRQHandler
                0x0800197c                I2C2_EV_IRQHandler
                0x0800197c                DMA1_Stream2_IRQHandler
                0x0800197c                FPU_IRQHandler
                0x0800197c                DMA2_Stream2_IRQHandler
                0x0800197c                SPI1_IRQHandler
                0x0800197c                TIM1_BRK_TIM9_IRQHandler
                0x0800197c                DMA2_Stream3_IRQHandler
                0x0800197c                USART6_IRQHandler
                0x0800197c                DMA2_Stream0_IRQHandler
                0x0800197c                TIM4_IRQHandler
                0x0800197c                I2C1_EV_IRQHandler
                0x0800197c                DMA1_Stream6_IRQHandler
                0x0800197c                DMA1_Stream1_IRQHandler
                0x0800197c                TIM3_IRQHandler
                0x0800197c                RCC_IRQHandler
                0x0800197c                Default_Handler
                0x0800197c                EXTI15_10_IRQHandler
                0x0800197c                ADC_IRQHandler
                0x0800197c                DMA1_Stream7_IRQHandler
                0x0800197c                TIM5_IRQHandler
                0x0800197c                DMA2_Stream7_IRQHandler
                0x0800197c                I2C3_EV_IRQHandler
                0x0800197c                EXTI9_5_IRQHandler
                0x0800197c                RTC_WKUP_IRQHandler
                0x0800197c                SPI2_IRQHandler
                0x0800197c                DMA1_Stream0_IRQHandler
                0x0800197c                EXTI4_IRQHandler
                0x0800197c                WWDG_IRQHandler
                0x0800197c                TIM2_IRQHandler
                0x0800197c                OTG_FS_WKUP_IRQHandler
                0x0800197c                TIM1_TRG_COM_TIM11_IRQHandler
                0x0800197c                EXTI1_IRQHandler
                0x0800197c                USART2_IRQHandler
                0x0800197c                I2C2_ER_IRQHandler
                0x0800197c                DMA2_Stream1_IRQHandler
                0x0800197c                FLASH_IRQHandler
                0x0800197c                DMA2_Stream4_IRQHandler
                0x0800197c                USART1_IRQHandler
                0x0800197c                OTG_FS_IRQHandler
                0x0800197c                SPI3_IRQHandler
                0x0800197c                DMA1_Stream4_IRQHandler
                0x0800197c                I2C1_ER_IRQHandler
                0x0800197c                DMA2_Stream6_IRQHandler
                0x0800197c                DMA1_Stream3_IRQHandler
 *fill*         0x0800197e        0x2 
 .text          0x08001980       0x58 ..\obj\clock_start.o
                0x08001980                SystemClock_Config
                0x080019d4                Error_Handler
 .text          0x080019d8       0x30 ..\obj\main.o
                0x080019d8                main
 .text          0x08001a08       0x10 ..\obj\stm32f4xx_hal_msp.o
                0x08001a08                HAL_MspInit
                0x08001a0c                HAL_MspDeInit
                0x08001a10                HAL_PPP_MspInit
                0x08001a14                HAL_PPP_MspDeInit
 .text.memset   0x08001a18       0x9c c:/adamgreen-gcc4mbed-3b4f8cb/gcc-arm-none-eabi/bin/../lib/gcc/arm-none-eabi/4.9.3/../../../../arm-none-eabi/lib/armv7e-m/softfp\libg.a(lib_a-memset.o)
                0x08001a18                memset
 .text.startup.register_fini
                0x08001ab4       0x14 c:/adamgreen-gcc4mbed-3b4f8cb/gcc-arm-none-eabi/bin/../lib/gcc/arm-none-eabi/4.9.3/../../../../arm-none-eabi/lib/armv7e-m/softfp\libg.a(lib_a-__call_atexit.o)
 .text.atexit   0x08001ac8        0xc c:/adamgreen-gcc4mbed-3b4f8cb/gcc-arm-none-eabi/bin/../lib/gcc/arm-none-eabi/4.9.3/../../../../arm-none-eabi/lib/armv7e-m/softfp\libg.a(lib_a-atexit.o)
                0x08001ac8                atexit
 .text.__libc_fini_array
                0x08001ad4       0x2c c:/adamgreen-gcc4mbed-3b4f8cb/gcc-arm-none-eabi/bin/../lib/gcc/arm-none-eabi/4.9.3/../../../../arm-none-eabi/lib/armv7e-m/softfp\libg.a(lib_a-fini.o)
                0x08001ad4                __libc_fini_array
 .text.__register_exitproc
                0x08001b00       0xa4 c:/adamgreen-gcc4mbed-3b4f8cb/gcc-arm-none-eabi/bin/../lib/gcc/arm-none-eabi/4.9.3/../../../../arm-none-eabi/lib/armv7e-m/softfp\libg.a(lib_a-__atexit.o)
                0x08001b00                __register_exitproc
 *(.init)
 .init          0x08001ba4        0x4 c:/adamgreen-gcc4mbed-3b4f8cb/gcc-arm-none-eabi/bin/../lib/gcc/arm-none-eabi/4.9.3/armv7e-m/softfp/crti.o
                0x08001ba4                _init
 .init          0x08001ba8        0x8 c:/adamgreen-gcc4mbed-3b4f8cb/gcc-arm-none-eabi/bin/../lib/gcc/arm-none-eabi/4.9.3/armv7e-m/softfp/crtn.o
 *(.fini)
 .fini          0x08001bb0        0x4 c:/adamgreen-gcc4mbed-3b4f8cb/gcc-arm-none-eabi/bin/../lib/gcc/arm-none-eabi/4.9.3/armv7e-m/softfp/crti.o
                0x08001bb0                _fini
 .fini          0x08001bb4        0x8 c:/adamgreen-gcc4mbed-3b4f8cb/gcc-arm-none-eabi/bin/../lib/gcc/arm-none-eabi/4.9.3/armv7e-m/softfp/crtn.o
 *crtbegin.o(.ctors)
 *crtbegin?.o(.ctors)
 *(EXCLUDE_FILE(*crtend.o *crtend?.o) .ctors)
 *(SORT(.ctors.*))
 *(.ctors)
 *crtbegin.o(.dtors)
 *crtbegin?.o(.dtors)
 *(EXCLUDE_FILE(*crtend.o *crtend?.o) .dtors)
 *(SORT(.dtors.*))
 *(.dtors)
 *(.rodata*)
 .rodata        0x08001bbc       0x10 ..\obj\stm32f4xx_hal_rcc.o
                0x08001bbc                APBAHBPrescTable
 .rodata        0x08001bcc      0x228 ..\obj\nokia_lcd.o
 .rodata.str1.4
                0x08001df4        0x4 c:/adamgreen-gcc4mbed-3b4f8cb/gcc-arm-none-eabi/bin/../lib/gcc/arm-none-eabi/4.9.3/../../../../arm-none-eabi/lib/armv7e-m/softfp\libg.a(lib_a-impure.o)
 .rodata._global_impure_ptr
                0x08001df8        0x4 c:/adamgreen-gcc4mbed-3b4f8cb/gcc-arm-none-eabi/bin/../lib/gcc/arm-none-eabi/4.9.3/../../../../arm-none-eabi/lib/armv7e-m/softfp\libg.a(lib_a-impure.o)
                0x08001df8                _global_impure_ptr
 *(.eh_fram e*)

.eh_frame       0x08001dfc        0x0
 .eh_frame      0x08001dfc        0x0 c:/adamgreen-gcc4mbed-3b4f8cb/gcc-arm-none-eabi/bin/../lib/gcc/arm-none-eabi/4.9.3/armv7e-m/softfp/crtbegin.o

.glue_7         0x08001dfc        0x0
 .glue_7        0x00000000        0x0 linker stubs

.glue_7t        0x08001dfc        0x0
 .glue_7t       0x00000000        0x0 linker stubs

.vfp11_veneer   0x08001dfc        0x0
 .vfp11_veneer  0x00000000        0x0 linker stubs

.v4_bx          0x08001dfc        0x0
 .v4_bx         0x00000000        0x0 linker stubs

.iplt           0x08001dfc        0x0
 .iplt          0x00000000        0x0 c:/adamgreen-gcc4mbed-3b4f8cb/gcc-arm-none-eabi/bin/../lib/gcc/arm-none-eabi/4.9.3/armv7e-m/softfp/crtbegin.o

.rel.dyn        0x08001dfc        0x0
 .rel.iplt      0x00000000        0x0 c:/adamgreen-gcc4mbed-3b4f8cb/gcc-arm-none-eabi/bin/../lib/gcc/arm-none-eabi/4.9.3/armv7e-m/softfp/crtbegin.o

.ARM.extab
 *(.ARM.extab* .gnu.linkonce.armextab.*)
                0x08001dfc                __exidx_start = .

.ARM.exidx
 *(.ARM.exidx* .gnu.linkonce.armexidx.*)
                0x08001dfc                __exidx_end = .
                0x08001dfc                __etext = .
                0x08001dfc                _sidata = __etext

.data           0x20000000      0x648 load address 0x08001dfc
                0x20000000                __data_start__ = .
                0x20000000                _sdata = __data_start__
 *(vtable)
 *(.data*)
 .data          0x20000000      0x1f8 ..\obj\nokia_lcd.o
                0x20000000                pcd8544_buffer
 .data          0x200001f8       0x14 ..\obj\system_stm32f4xx.o
                0x200001f8                SystemCoreClock
                0x200001fc                AHBPrescTable
 .data          0x2000020c        0x4 ..\obj\main.o
                0x2000020c                msTicks
 .data.impure_data
                0x20000210      0x428 c:/adamgreen-gcc4mbed-3b4f8cb/gcc-arm-none-eabi/bin/../lib/gcc/arm-none-eabi/4.9.3/../../../../arm-none-eabi/lib/armv7e-m/softfp\libg.a(lib_a-impure.o)
                0x20000638                . = ALIGN (0x4)
                0x20000638                PROVIDE (__preinit_array_start, .)
 *(.preinit_array)
                0x20000638                PROVIDE (__preinit_array_end, .)
                0x20000638                . = ALIGN (0x4)
                0x20000638                PROVIDE (__init_array_start, .)
 *(SORT(.init_array.*))
 .init_array.00000
                0x20000638        0x4 c:/adamgreen-gcc4mbed-3b4f8cb/gcc-arm-none-eabi/bin/../lib/gcc/arm-none-eabi/4.9.3/../../../../arm-none-eabi/lib/armv7e-m/softfp\libg.a(lib_a-__call_atexit.o)
 *(.init_array)
 .init_array    0x2000063c        0x4 c:/adamgreen-gcc4mbed-3b4f8cb/gcc-arm-none-eabi/bin/../lib/gcc/arm-none-eabi/4.9.3/armv7e-m/softfp/crtbegin.o
                0x20000640                PROVIDE (__init_array_end, .)
                0x20000640                . = ALIGN (0x4)
                0x20000640                PROVIDE (__fini_array_start, .)
 *(SORT(.fini_array.*))
 *(.fini_array)
 .fini_array    0x20000640        0x4 c:/adamgreen-gcc4mbed-3b4f8cb/gcc-arm-none-eabi/bin/../lib/gcc/arm-none-eabi/4.9.3/armv7e-m/softfp/crtbegin.o
                0x20000644                PROVIDE (__fini_array_end, .)
 *(.jcr*)
 .jcr           0x20000644        0x0 c:/adamgreen-gcc4mbed-3b4f8cb/gcc-arm-none-eabi/bin/../lib/gcc/arm-none-eabi/4.9.3/armv7e-m/softfp/crtbegin.o
 .jcr           0x20000644        0x4 c:/adamgreen-gcc4mbed-3b4f8cb/gcc-arm-none-eabi/bin/../lib/gcc/arm-none-eabi/4.9.3/armv7e-m/softfp/crtend.o
                0x20000648                . = ALIGN (0x4)
                0x20000648                __data_end__ = .
                0x20000648                _edata = __data_end__

.igot.plt       0x20000648        0x0 load address 0x08002444
 .igot.plt      0x00000000        0x0 c:/adamgreen-gcc4mbed-3b4f8cb/gcc-arm-none-eabi/bin/../lib/gcc/arm-none-eabi/4.9.3/armv7e-m/softfp/crtbegin.o

.bss            0x20000648       0x3c load address 0x08002444
                0x20000648                . = ALIGN (0x4)
                0x20000648                __bss_start__ = .
                0x20000648                _sbss = __bss_start__
 *(.bss*)
 .bss           0x20000648       0x1c c:/adamgreen-gcc4mbed-3b4f8cb/gcc-arm-none-eabi/bin/../lib/gcc/arm-none-eabi/4.9.3/armv7e-m/softfp/crtbegin.o
 .bss           0x20000664       0x14 ..\obj\nokia_lcd.o
 .bss           0x20000678        0x4 ..\obj\stm32f4xx_hal.o
 *(COMMON)
 COMMON         0x2000067c        0x5 ..\obj\nokia_lcd.o
                0x2000067c                d
                0x20000684                . = ALIGN (0x4)
 *fill*         0x20000681        0x3 
                0x20000684                __bss_end__ = .
                0x20000684                _ebss = __bss_end__

.heap           0x20000684        0x0
                0x20000684                __end__ = .
                0x20000684                _end = __end__
                0x20000684                end = __end__
 *(.heap*)
                0x20000684                __HeapLimit = .

.co_stack       0x20000684        0x4 load address 0x08002480
                0x20000688                . = ALIGN (0x8)
 *fill*         0x20000684        0x4 
 *(.co_stack .co_stack.*)
                0x20018000                __StackTop = (ORIGIN (ram) + 0x18000)
                0x20017ffc                __StackLimit = (__StackTop - SIZEOF (.co_stack))
                0x20018000                PROVIDE (__stack, __StackTop)
                0x00000001                ASSERT ((__StackLimit >= __HeapLimit), region ram  overflowed with stack)
LOAD ..\obj\stm32f4xx_hal_hash_ex.o
LOAD ..\obj\stm32f4xx_hal_flash_ex.o
LOAD ..\obj\stm32f4xx_hal_pwr_ex.o
LOAD ..\obj\stm32f4xx_hal_pcd_ex.o
LOAD ..\obj\stm32f4xx_hal_tim.o
LOAD ..\obj\stm32f4xx_hal_fmpi2c_ex.o
LOAD ..\obj\stm32f4xx_hal_nand.o
LOAD ..\obj\stm32f4xx_hal_sdram.o
LOAD ..\obj\stm32f4xx_hal_fmpi2c.o
LOAD ..\obj\stm32f4xx_hal_i2s_ex.o
LOAD ..\obj\stm32f4xx_hal_dma.o
LOAD ..\obj\stm32f4xx_hal_pwr.o
LOAD ..\obj\stm32f4xx_hal_rcc.o
LOAD ..\obj\stm32f4xx_hal_rcc_ex.o
LOAD ..\obj\stm32f4xx_ll_fmc.o
LOAD ..\obj\stm32f4xx_hal_i2c_ex.o
LOAD ..\obj\stm32f4xx_hal_dcmi_ex.o
LOAD ..\obj\stm32f4xx_hal_spi.o
LOAD ..\obj\stm32f4xx_hal_usart.o
LOAD ..\obj\stm32f4xx_hal_dma2d.o
LOAD ..\obj\nokia_lcd.o
LOAD ..\obj\stm32f4xx_hal_cryp_ex.o
LOAD ..\obj\stm32f4xx_hal_sai_ex.o
LOAD ..\obj\stm32f4xx_it.o
LOAD ..\obj\stm32f4xx_hal_ltdc.o
LOAD ..\obj\stm32f4xx_hal_crc.o
LOAD ..\obj\stm32f4xx_nucleo.o
LOAD ..\obj\system_stm32f4xx.o
LOAD ..\obj\stm32f4xx_hal_pccard.o
LOAD ..\obj\stm32f4xx_hal_hcd.o
LOAD ..\obj\stm32f4xx_hal_flash.o
LOAD ..\obj\stm32f4xx_hal_cec.o
LOAD ..\obj\stm32f4xx_hal_i2s.o
LOAD ..\obj\stm32f4xx_hal.o
LOAD ..\obj\stm32f4xx_hal_gpio.o
LOAD ..\obj\stm32f4xx_hal_cortex.o
LOAD ..\obj\stm32f4xx_hal_rtc.o
LOAD ..\obj\stm32f4xx_hal_tim_ex.o
LOAD ..\obj\stm32f4xx_hal_sd.o
LOAD ..\obj\stm32f4xx_ll_sdmmc.o
LOAD ..\obj\stm32f4xx_hal_nor.o
LOAD ..\obj\startup_stm32f401xe.o
LOAD ..\obj\stm32f4xx_ll_usb.o
LOAD ..\obj\stm32f4xx_ll_fsmc.o
LOAD ..\obj\stm32f4xx_hal_qspi.o
LOAD ..\obj\stm32f4xx_hal_adc_ex.o
LOAD ..\obj\stm32f4xx_hal_sram.o
LOAD ..\obj\stm32f4xx_hal_dac_ex.o
LOAD ..\obj\stm32f4xx_hal_cryp.o
LOAD ..\obj\stm32f4xx_hal_flash_ramfunc.o
LOAD ..\obj\stm32f4xx_hal_rtc_ex.o
LOAD ..\obj\stm32f4xx_hal_spdifrx.o
LOAD ..\obj\stm32f4xx_hal_dac.o
LOAD ..\obj\stm32f4xx_hal_uart.o
LOAD ..\obj\stm32f4xx_hal_eth.o
LOAD ..\obj\stm32f4xx_hal_can.o
LOAD ..\obj\stm32f4xx_hal_sai.o
LOAD ..\obj\stm32f4xx_hal_smartcard.o
LOAD ..\obj\clock_start.o
LOAD ..\obj\stm32f4xx_hal_dma_ex.o
LOAD ..\obj\stm32f4xx_hal_wwdg.o
LOAD ..\obj\stm32f4xx_hal_pcd.o
LOAD ..\obj\stm32f4xx_hal_rng.o
LOAD ..\obj\stm32f4xx_hal_i2c.o
LOAD ..\obj\stm32f4xx_hal_hash.o
LOAD ..\obj\stm32f4xx_hal_dcmi.o
LOAD ..\obj\main.o
LOAD ..\obj\stm32f4xx_hal_adc.o
LOAD ..\obj\stm32f4xx_hal_irda.o
LOAD ..\obj\stm32f4xx_hal_msp.o
LOAD ..\obj\stm32f4xx_hal_iwdg.o
START GROUP
LOAD c:/adamgreen-gcc4mbed-3b4f8cb/gcc-arm-none-eabi/bin/../lib/gcc/arm-none-eabi/4.9.3/armv7e-m/softfp\libgcc.a
LOAD c:/adamgreen-gcc4mbed-3b4f8cb/gcc-arm-none-eabi/bin/../lib/gcc/arm-none-eabi/4.9.3/../../../../arm-none-eabi/lib/armv7e-m/softfp\libg.a
LOAD c:/adamgreen-gcc4mbed-3b4f8cb/gcc-arm-none-eabi/bin/../lib/gcc/arm-none-eabi/4.9.3/../../../../arm-none-eabi/lib/armv7e-m/softfp\libc.a
END GROUP
LOAD c:/adamgreen-gcc4mbed-3b4f8cb/gcc-arm-none-eabi/bin/../lib/gcc/arm-none-eabi/4.9.3/armv7e-m/softfp/crtend.o
LOAD c:/adamgreen-gcc4mbed-3b4f8cb/gcc-arm-none-eabi/bin/../lib/gcc/arm-none-eabi/4.9.3/armv7e-m/softfp/crtn.o
OUTPUT(NOKIA_LCD.elf elf32-littlearm)

.ARM.attributes
                0x00000000       0x2e
 .ARM.attributes
                0x00000000       0x22 c:/adamgreen-gcc4mbed-3b4f8cb/gcc-arm-none-eabi/bin/../lib/gcc/arm-none-eabi/4.9.3/armv7e-m/softfp/crti.o
 .ARM.attributes
                0x00000022       0x32 c:/adamgreen-gcc4mbed-3b4f8cb/gcc-arm-none-eabi/bin/../lib/gcc/arm-none-eabi/4.9.3/armv7e-m/softfp/crtbegin.o
 .ARM.attributes
                0x00000054       0x37 ..\obj\stm32f4xx_hal_rcc.o
 .ARM.attributes
                0x0000008b       0x37 ..\obj\nokia_lcd.o
 .ARM.attributes
                0x000000c2       0x37 ..\obj\stm32f4xx_it.o
 .ARM.attributes
                0x000000f9       0x37 ..\obj\system_stm32f4xx.o
 .ARM.attributes
                0x00000130       0x37 ..\obj\stm32f4xx_hal.o
 .ARM.attributes
                0x00000167       0x37 ..\obj\stm32f4xx_hal_gpio.o
 .ARM.attributes
                0x0000019e       0x37 ..\obj\stm32f4xx_hal_cortex.o
 .ARM.attributes
                0x000001d5       0x21 ..\obj\startup_stm32f401xe.o
 .ARM.attributes
                0x000001f6       0x37 ..\obj\clock_start.o
 .ARM.attributes
                0x0000022d       0x37 ..\obj\main.o
 .ARM.attributes
                0x00000264       0x37 ..\obj\stm32f4xx_hal_msp.o
 .ARM.attributes
                0x0000029b       0x32 c:/adamgreen-gcc4mbed-3b4f8cb/gcc-arm-none-eabi/bin/../lib/gcc/arm-none-eabi/4.9.3/../../../../arm-none-eabi/lib/armv7e-m/softfp\libg.a(lib_a-impure.o)
 .ARM.attributes
                0x000002cd       0x32 c:/adamgreen-gcc4mbed-3b4f8cb/gcc-arm-none-eabi/bin/../lib/gcc/arm-none-eabi/4.9.3/../../../../arm-none-eabi/lib/armv7e-m/softfp\libg.a(lib_a-memset.o)
 .ARM.attributes
                0x000002ff       0x32 c:/adamgreen-gcc4mbed-3b4f8cb/gcc-arm-none-eabi/bin/../lib/gcc/arm-none-eabi/4.9.3/../../../../arm-none-eabi/lib/armv7e-m/softfp\libg.a(lib_a-__call_atexit.o)
 .ARM.attributes
                0x00000331       0x32 c:/adamgreen-gcc4mbed-3b4f8cb/gcc-arm-none-eabi/bin/../lib/gcc/arm-none-eabi/4.9.3/../../../../arm-none-eabi/lib/armv7e-m/softfp\libg.a(lib_a-atexit.o)
 .ARM.attributes
                0x00000363       0x32 c:/adamgreen-gcc4mbed-3b4f8cb/gcc-arm-none-eabi/bin/../lib/gcc/arm-none-eabi/4.9.3/../../../../arm-none-eabi/lib/armv7e-m/softfp\libg.a(lib_a-fini.o)
 .ARM.attributes
                0x00000395       0x32 c:/adamgreen-gcc4mbed-3b4f8cb/gcc-arm-none-eabi/bin/../lib/gcc/arm-none-eabi/4.9.3/../../../../arm-none-eabi/lib/armv7e-m/softfp\libg.a(lib_a-__atexit.o)
 .ARM.attributes
                0x000003c7       0x32 c:/adamgreen-gcc4mbed-3b4f8cb/gcc-arm-none-eabi/bin/../lib/gcc/arm-none-eabi/4.9.3/armv7e-m/softfp/crtend.o
 .ARM.attributes
                0x000003f9       0x22 c:/adamgreen-gcc4mbed-3b4f8cb/gcc-arm-none-eabi/bin/../lib/gcc/arm-none-eabi/4.9.3/armv7e-m/softfp/crtn.o

.comment        0x00000000       0x70
 .comment       0x00000000       0x70 ..\obj\stm32f4xx_hal_rcc.o
                                 0x71 (size before relaxing)
 .comment       0x00000000       0x71 ..\obj\nokia_lcd.o
 .comment       0x00000000       0x71 ..\obj\stm32f4xx_it.o
 .comment       0x00000000       0x71 ..\obj\system_stm32f4xx.o
 .comment       0x00000000       0x71 ..\obj\stm32f4xx_hal.o
 .comment       0x00000000       0x71 ..\obj\stm32f4xx_hal_gpio.o
 .comment       0x00000000       0x71 ..\obj\stm32f4xx_hal_cortex.o
 .comment       0x00000000       0x71 ..\obj\clock_start.o
 .comment       0x00000000       0x71 ..\obj\main.o
 .comment       0x00000000       0x71 ..\obj\stm32f4xx_hal_msp.o

.debug_info     0x00000000     0x4567
 .debug_info    0x00000000     0x1052 ..\obj\stm32f4xx_hal_rcc.o
 .debug_info    0x00001052      0xc33 ..\obj\nokia_lcd.o
 .debug_info    0x00001c85      0x14f ..\obj\stm32f4xx_it.o
 .debug_info    0x00001dd4      0x4aa ..\obj\system_stm32f4xx.o
 .debug_info    0x0000227e      0x917 ..\obj\stm32f4xx_hal.o
 .debug_info    0x00002b95      0x70c ..\obj\stm32f4xx_hal_gpio.o
 .debug_info    0x000032a1      0xc41 ..\obj\stm32f4xx_hal_cortex.o
 .debug_info    0x00003ee2       0xd4 ..\obj\startup_stm32f401xe.o
 .debug_info    0x00003fb6      0x2be ..\obj\clock_start.o
 .debug_info    0x00004274      0x20e ..\obj\main.o
 .debug_info    0x00004482       0xe5 ..\obj\stm32f4xx_hal_msp.o

.debug_abbrev   0x00000000     0x10ae
 .debug_abbrev  0x00000000      0x2b6 ..\obj\stm32f4xx_hal_rcc.o
 .debug_abbrev  0x000002b6      0x27f ..\obj\nokia_lcd.o
 .debug_abbrev  0x00000535       0x9d ..\obj\stm32f4xx_it.o
 .debug_abbrev  0x000005d2      0x101 ..\obj\system_stm32f4xx.o
 .debug_abbrev  0x000006d3      0x29d ..\obj\stm32f4xx_hal.o
 .debug_abbrev  0x00000970      0x1d5 ..\obj\stm32f4xx_hal_gpio.o
 .debug_abbrev  0x00000b45      0x2a7 ..\obj\stm32f4xx_hal_cortex.o
 .debug_abbrev  0x00000dec       0x12 ..\obj\startup_stm32f401xe.o
 .debug_abbrev  0x00000dfe      0x123 ..\obj\clock_start.o
 .debug_abbrev  0x00000f21      0x126 ..\obj\main.o
 .debug_abbrev  0x00001047       0x67 ..\obj\stm32f4xx_hal_msp.o

.debug_loc      0x00000000     0x196d
 .debug_loc     0x00000000      0xa29 ..\obj\stm32f4xx_hal_rcc.o
 .debug_loc     0x00000a29      0x5b1 ..\obj\nokia_lcd.o
 .debug_loc     0x00000fda      0x11f ..\obj\system_stm32f4xx.o
 .debug_loc     0x000010f9       0xb6 ..\obj\stm32f4xx_hal.o
 .debug_loc     0x000011af      0x388 ..\obj\stm32f4xx_hal_gpio.o
 .debug_loc     0x00001537      0x436 ..\obj\stm32f4xx_hal_cortex.o

.debug_aranges  0x00000000      0x168
 .debug_aranges
                0x00000000       0x20 ..\obj\stm32f4xx_hal_rcc.o
 .debug_aranges
                0x00000020       0x20 ..\obj\nokia_lcd.o
 .debug_aranges
                0x00000040       0x20 ..\obj\stm32f4xx_it.o
 .debug_aranges
                0x00000060       0x20 ..\obj\system_stm32f4xx.o
 .debug_aranges
                0x00000080       0x20 ..\obj\stm32f4xx_hal.o
 .debug_aranges
                0x000000a0       0x20 ..\obj\stm32f4xx_hal_gpio.o
 .debug_aranges
                0x000000c0       0x20 ..\obj\stm32f4xx_hal_cortex.o
 .debug_aranges
                0x000000e0       0x28 ..\obj\startup_stm32f401xe.o
 .debug_aranges
                0x00000108       0x20 ..\obj\clock_start.o
 .debug_aranges
                0x00000128       0x20 ..\obj\main.o
 .debug_aranges
                0x00000148       0x20 ..\obj\stm32f4xx_hal_msp.o

.debug_line     0x00000000     0x1be2
 .debug_line    0x00000000      0x541 ..\obj\stm32f4xx_hal_rcc.o
 .debug_line    0x00000541      0x316 ..\obj\nokia_lcd.o
 .debug_line    0x00000857      0x220 ..\obj\stm32f4xx_it.o
 .debug_line    0x00000a77      0x1e5 ..\obj\system_stm32f4xx.o
 .debug_line    0x00000c5c      0x2a3 ..\obj\stm32f4xx_hal.o
 .debug_line    0x00000eff      0x336 ..\obj\stm32f4xx_hal_gpio.o
 .debug_line    0x00001235      0x2bd ..\obj\stm32f4xx_hal_cortex.o
 .debug_line    0x000014f2       0xd0 ..\obj\startup_stm32f401xe.o
 .debug_line    0x000015c2      0x23a ..\obj\clock_start.o
 .debug_line    0x000017fc      0x226 ..\obj\main.o
 .debug_line    0x00001a22      0x1c0 ..\obj\stm32f4xx_hal_msp.o

.debug_str      0x00000000     0x1533
 .debug_str     0x00000000      0x67f ..\obj\stm32f4xx_hal_rcc.o
                                0x6fe (size before relaxing)
 .debug_str     0x0000067f      0x18a ..\obj\nokia_lcd.o
                                0x4cd (size before relaxing)
 .debug_str     0x00000809       0xd8 ..\obj\stm32f4xx_it.o
                                0x254 (size before relaxing)
 .debug_str     0x000008e1       0xef ..\obj\system_stm32f4xx.o
                                0x3bc (size before relaxing)
 .debug_str     0x000009d0      0x610 ..\obj\stm32f4xx_hal.o
                                0x980 (size before relaxing)
 .debug_str     0x00000fe0      0x19f ..\obj\stm32f4xx_hal_gpio.o
                                0x51d (size before relaxing)
 .debug_str     0x0000117f      0x284 ..\obj\stm32f4xx_hal_cortex.o
                                0x9a6 (size before relaxing)
 .debug_str     0x00001403       0x5c ..\obj\clock_start.o
                                0x36a (size before relaxing)
 .debug_str     0x0000145f       0x41 ..\obj\main.o
                                0x266 (size before relaxing)
 .debug_str     0x000014a0       0x93 ..\obj\stm32f4xx_hal_msp.o
                                0x229 (size before relaxing)

.debug_frame    0x00000000      0x970
 .debug_frame   0x00000000      0x16c ..\obj\stm32f4xx_hal_rcc.o
 .debug_frame   0x0000016c      0x1e0 ..\obj\nokia_lcd.o
 .debug_frame   0x0000034c       0xa8 ..\obj\stm32f4xx_it.o
 .debug_frame   0x000003f4       0x30 ..\obj\system_stm32f4xx.o
 .debug_frame   0x00000424      0x188 ..\obj\stm32f4xx_hal.o
 .debug_frame   0x000005ac       0xd8 ..\obj\stm32f4xx_hal_gpio.o
 .debug_frame   0x00000684      0x12c ..\obj\stm32f4xx_hal_cortex.o
 .debug_frame   0x000007b0       0x3c ..\obj\clock_start.o
 .debug_frame   0x000007ec       0x28 ..\obj\main.o
 .debug_frame   0x00000814       0x50 ..\obj\stm32f4xx_hal_msp.o
 .debug_frame   0x00000864       0x34 c:/adamgreen-gcc4mbed-3b4f8cb/gcc-arm-none-eabi/bin/../lib/gcc/arm-none-eabi/4.9.3/../../../../arm-none-eabi/lib/armv7e-m/softfp\libg.a(lib_a-memset.o)
 .debug_frame   0x00000898       0x50 c:/adamgreen-gcc4mbed-3b4f8cb/gcc-arm-none-eabi/bin/../lib/gcc/arm-none-eabi/4.9.3/../../../../arm-none-eabi/lib/armv7e-m/softfp\libg.a(lib_a-__call_atexit.o)
 .debug_frame   0x000008e8       0x20 c:/adamgreen-gcc4mbed-3b4f8cb/gcc-arm-none-eabi/bin/../lib/gcc/arm-none-eabi/4.9.3/../../../../arm-none-eabi/lib/armv7e-m/softfp\libg.a(lib_a-atexit.o)
 .debug_frame   0x00000908       0x34 c:/adamgreen-gcc4mbed-3b4f8cb/gcc-arm-none-eabi/bin/../lib/gcc/arm-none-eabi/4.9.3/../../../../arm-none-eabi/lib/armv7e-m/softfp\libg.a(lib_a-fini.o)
 .debug_frame   0x0000093c       0x34 c:/adamgreen-gcc4mbed-3b4f8cb/gcc-arm-none-eabi/bin/../lib/gcc/arm-none-eabi/4.9.3/../../../../arm-none-eabi/lib/armv7e-m/softfp\libg.a(lib_a-__atexit.o)

.debug_ranges   0x00000000       0x88
 .debug_ranges  0x00000000       0x50 ..\obj\nokia_lcd.o
 .debug_ranges  0x00000050       0x18 ..\obj\stm32f4xx_hal_gpio.o
 .debug_ranges  0x00000068       0x20 ..\obj\startup_stm32f401xe.o
